Component: Arm Compiler for Embedded 6.23 Tool: armlink [5f102400]

==============================================================================

Section Cross References

    startup_stm32f407xx.o(STACK) refers (Special) to heapauxi.o(.text) for __use_two_region_memory
    startup_stm32f407xx.o(HEAP) refers (Special) to heapauxi.o(.text) for __use_two_region_memory
    startup_stm32f407xx.o(RESET) refers (Special) to heapauxi.o(.text) for __use_two_region_memory
    startup_stm32f407xx.o(RESET) refers to startup_stm32f407xx.o(STACK) for __initial_sp
    startup_stm32f407xx.o(RESET) refers to startup_stm32f407xx.o(.text) for Reset_Handler
    startup_stm32f407xx.o(RESET) refers to stm32f4xx_it.o(.text.NMI_Handler) for NMI_Handler
    startup_stm32f407xx.o(RESET) refers to stm32f4xx_it.o(.text.HardFault_Handler) for HardFault_Handler
    startup_stm32f407xx.o(RESET) refers to stm32f4xx_it.o(.text.MemManage_Handler) for MemManage_Handler
    startup_stm32f407xx.o(RESET) refers to stm32f4xx_it.o(.text.BusFault_Handler) for BusFault_Handler
    startup_stm32f407xx.o(RESET) refers to stm32f4xx_it.o(.text.UsageFault_Handler) for UsageFault_Handler
    startup_stm32f407xx.o(RESET) refers to stm32f4xx_it.o(.text.SVC_Handler) for SVC_Handler
    startup_stm32f407xx.o(RESET) refers to stm32f4xx_it.o(.text.DebugMon_Handler) for DebugMon_Handler
    startup_stm32f407xx.o(RESET) refers to stm32f4xx_it.o(.text.PendSV_Handler) for PendSV_Handler
    startup_stm32f407xx.o(RESET) refers to stm32f4xx_it.o(.text.SysTick_Handler) for SysTick_Handler
    startup_stm32f407xx.o(RESET) refers to stm32f4xx_it.o(.text.TIM1_UP_TIM10_IRQHandler) for TIM1_UP_TIM10_IRQHandler
    startup_stm32f407xx.o(.text) refers (Special) to heapauxi.o(.text) for __use_two_region_memory
    startup_stm32f407xx.o(.text) refers to system_stm32f4xx.o(.text.SystemInit) for SystemInit
    startup_stm32f407xx.o(.text) refers to __main.o(!!!main) for __main
    startup_stm32f407xx.o(.text) refers to startup_stm32f407xx.o(HEAP) for Heap_Mem
    startup_stm32f407xx.o(.text) refers to startup_stm32f407xx.o(STACK) for Stack_Mem
    callback.o(.text.HAL_TIM_PeriodElapsedCallback) refers to callback.o(.bss.bmi088) for bmi088
    callback.o(.text.HAL_TIM_PeriodElapsedCallback) refers to imu.o(.text._ZN3IMU6updateEf) for IMU::update(float)
    callback.o(.ARM.exidx.text.HAL_TIM_PeriodElapsedCallback) refers to callback.o(.text.HAL_TIM_PeriodElapsedCallback) for [Anonymous Symbol]
    imu.o(.text._ZN3IMU6updateEf) refers to imu.o(.bss..L_MergedGlobals.1) for .L_MergedGlobals.1
    imu.o(.text._ZN3IMU6updateEf) refers to imu.o(.text._ZN3IMU8imu_initEv) for IMU::imu_init()
    imu.o(.text._ZN3IMU6updateEf) refers to bmi088.o(.text.bmi088_accel_read_data) for bmi088_accel_read_data
    imu.o(.text._ZN3IMU6updateEf) refers to atan2f.o(i.__hardfp_atan2f) for __hardfp_atan2f
    imu.o(.text._ZN3IMU6updateEf) refers to bmi088.o(.text.bmi088_gyro_read_data) for bmi088_gyro_read_data
    imu.o(.text._ZN3IMU6updateEf) refers to sinf.o(i.__hardfp_sinf) for __hardfp_sinf
    imu.o(.text._ZN3IMU6updateEf) refers to tanf.o(i.__hardfp_tanf) for __hardfp_tanf
    imu.o(.text._ZN3IMU6updateEf) refers to cosf.o(i.__hardfp_cosf) for __hardfp_cosf
    imu.o(.text._ZN3IMU6updateEf) refers to ist8310.o(.text.IST8310ReadMagData) for IST8310ReadMagData
    imu.o(.text._ZN3IMU6updateEf) refers to imu.o(.text._ZN3IMU16kalman_calculateEv) for IMU::kalman_calculate()
    imu.o(.ARM.exidx.text._ZN3IMU6updateEf) refers to imu.o(.text._ZN3IMU6updateEf) for [Anonymous Symbol]
    imu.o(.text._ZN3IMU8imu_initEv) refers to ist8310.o(.text.IST8310ReadMagData) for IST8310ReadMagData
    imu.o(.text._ZN3IMU8imu_initEv) refers to bmi088.o(.text.bmi088_gyro_read_data) for bmi088_gyro_read_data
    imu.o(.text._ZN3IMU8imu_initEv) refers to bmi088.o(.text.bmi088_accel_read_data) for bmi088_accel_read_data
    imu.o(.text._ZN3IMU8imu_initEv) refers to atan2f.o(i.__hardfp_atan2f) for __hardfp_atan2f
    imu.o(.text._ZN3IMU8imu_initEv) refers to cosf.o(i.__hardfp_cosf) for __hardfp_cosf
    imu.o(.text._ZN3IMU8imu_initEv) refers to sinf.o(i.__hardfp_sinf) for __hardfp_sinf
    imu.o(.text._ZN3IMU8imu_initEv) refers to tanf.o(i.__hardfp_tanf) for __hardfp_tanf
    imu.o(.ARM.exidx.text._ZN3IMU8imu_initEv) refers to imu.o(.text._ZN3IMU8imu_initEv) for [Anonymous Symbol]
    imu.o(.text._ZN3IMU5Accel13acc_calculateEv) refers to bmi088.o(.text.bmi088_accel_read_data) for bmi088_accel_read_data
    imu.o(.text._ZN3IMU5Accel13acc_calculateEv) refers to atan2f.o(i.__hardfp_atan2f) for __hardfp_atan2f
    imu.o(.ARM.exidx.text._ZN3IMU5Accel13acc_calculateEv) refers to imu.o(.text._ZN3IMU5Accel13acc_calculateEv) for [Anonymous Symbol]
    imu.o(.text._ZN3IMU4Gyro14gyro_calculateERKNS_10EulerAngleEf) refers to bmi088.o(.text.bmi088_gyro_read_data) for bmi088_gyro_read_data
    imu.o(.text._ZN3IMU4Gyro14gyro_calculateERKNS_10EulerAngleEf) refers to sinf.o(i.__hardfp_sinf) for __hardfp_sinf
[...]
    .ARM.Collect$$libinit$$00000021          0x0800022e   Section        0  libinit2.o(.ARM.Collect$$libinit$$00000021)
    .ARM.Collect$$libinit$$00000023          0x0800022e   Section        0  libinit2.o(.ARM.Collect$$libinit$$00000023)
    .ARM.Collect$$libinit$$00000025          0x0800022e   Section        0  libinit2.o(.ARM.Collect$$libinit$$00000025)
    .ARM.Collect$$libinit$$00000027          0x0800022e   Section        0  libinit2.o(.ARM.Collect$$libinit$$00000027)
    .ARM.Collect$$libinit$$0000002E          0x0800022e   Section        0  libinit2.o(.ARM.Collect$$libinit$$0000002E)
    .ARM.Collect$$libinit$$00000030          0x0800022e   Section        0  libinit2.o(.ARM.Collect$$libinit$$00000030)
    .ARM.Collect$$libinit$$00000032          0x0800022e   Section        0  libinit2.o(.ARM.Collect$$libinit$$00000032)
    .ARM.Collect$$libinit$$00000034          0x0800022e   Section        0  libinit2.o(.ARM.Collect$$libinit$$00000034)
    .ARM.Collect$$libinit$$00000035          0x0800022e   Section        2  libinit2.o(.ARM.Collect$$libinit$$00000035)
    .ARM.Collect$$libshutdown$$00000000      0x08000230   Section        2  libshutdown.o(.ARM.Collect$$libshutdown$$00000000)
    .ARM.Collect$$libshutdown$$00000002      0x08000232   Section        0  libshutdown2.o(.ARM.Collect$$libshutdown$$00000002)
    .ARM.Collect$$libshutdown$$00000004      0x08000232   Section        0  libshutdown2.o(.ARM.Collect$$libshutdown$$00000004)
    .ARM.Collect$$libshutdown$$00000007      0x08000232   Section        0  libshutdown2.o(.ARM.Collect$$libshutdown$$00000007)
    .ARM.Collect$$libshutdown$$0000000A      0x08000232   Section        0  libshutdown2.o(.ARM.Collect$$libshutdown$$0000000A)
    .ARM.Collect$$libshutdown$$0000000C      0x08000232   Section        0  libshutdown2.o(.ARM.Collect$$libshutdown$$0000000C)
    .ARM.Collect$$libshutdown$$0000000F      0x08000232   Section        0  libshutdown2.o(.ARM.Collect$$libshutdown$$0000000F)
    .ARM.Collect$$libshutdown$$00000010      0x08000232   Section        2  libshutdown2.o(.ARM.Collect$$libshutdown$$00000010)
    .ARM.Collect$$rtentry$$00000000          0x08000234   Section        0  __rtentry.o(.ARM.Collect$$rtentry$$00000000)
    .ARM.Collect$$rtentry$$00000002          0x08000234   Section        0  __rtentry2.o(.ARM.Collect$$rtentry$$00000002)
    .ARM.Collect$$rtentry$$00000004          0x08000234   Section        6  __rtentry4.o(.ARM.Collect$$rtentry$$00000004)
    .ARM.Collect$$rtentry$$00000009          0x0800023a   Section        0  __rtentry2.o(.ARM.Collect$$rtentry$$00000009)
    .ARM.Collect$$rtentry$$0000000A          0x0800023a   Section        4  __rtentry2.o(.ARM.Collect$$rtentry$$0000000A)
    .ARM.Collect$$rtentry$$0000000C          0x0800023e   Section        0  __rtentry2.o(.ARM.Collect$$rtentry$$0000000C)
    .ARM.Collect$$rtentry$$0000000D          0x0800023e   Section        8  __rtentry2.o(.ARM.Collect$$rtentry$$0000000D)
    .ARM.Collect$$rtexit$$00000000           0x08000246   Section        2  rtexit.o(.ARM.Collect$$rtexit$$00000000)
    .ARM.Collect$$rtexit$$00000002           0x08000248   Section        0  rtexit2.o(.ARM.Collect$$rtexit$$00000002)
    .ARM.Collect$$rtexit$$00000003           0x08000248   Section        4  rtexit2.o(.ARM.Collect$$rtexit$$00000003)
    .ARM.Collect$$rtexit$$00000004           0x0800024c   Section        6  rtexit2.o(.ARM.Collect$$rtexit$$00000004)
    $v0                                      0x08000254   Number         0  startup_stm32f407xx.o(.text)
    .text                                    0x08000254   Section       64  startup_stm32f407xx.o(.text)
    .text                                    0x08000294   Section      240  lludivv7m.o(.text)
    .text                                    0x08000384   Section       78  rt_memclr_w.o(.text)
    .text                                    0x080003d2   Section        0  heapauxi.o(.text)
    .text                                    0x080003d8   Section        0  _rserrno.o(.text)
    .text                                    0x080003f0   Section        8  rt_errno_addr_intlibspace.o(.text)
    .text                                    0x080003f8   Section        8  libspace.o(.text)
    .text                                    0x08000400   Section       74  sys_stackheap_outer.o(.text)
    .text                                    0x0800044a   Section        0  exit.o(.text)
    .text                                    0x0800045c   Section        0  sys_exit.o(.text)
    .text                                    0x08000468   Section        2  use_no_semi.o(.text)
    .text                                    0x0800046a   Section        0  indicate_semi.o(.text)
    [Anonymous Symbol]                       0x0800046c   Section        0  stm32f4xx_it.o(.text.BusFault_Handler)
    [Anonymous Symbol]                       0x08000470   Section        0  stm32f4xx_it.o(.text.DebugMon_Handler)
    [Anonymous Symbol]                       0x08000474   Section        0  main.o(.text.Error_Handler)
    [Anonymous Symbol]                       0x0800047c   Section        0  stm32f4xx_hal.o(.text.HAL_Delay)
    [Anonymous Symbol]                       0x080004a4   Section        0  stm32f4xx_hal_gpio.o(.text.HAL_GPIO_Init)
    [Anonymous Symbol]                       0x08000644   Section        0  stm32f4xx_hal_gpio.o(.text.HAL_GPIO_WritePin)
    [Anonymous Symbol]                       0x08000650   Section        0  stm32f4xx_hal.o(.text.HAL_GetTick)
    [Anonymous Symbol]                       0x0800065c   Section        0  stm32f4xx_hal_i2c.o(.text.HAL_I2C_Init)
    [Anonymous Symbol]                       0x080007c0   Section        0  stm32f4xx_hal_i2c.o(.text.HAL_I2C_Mem_Read)
    [Anonymous Symbol]                       0x08000a18   Section        0  stm32f4xx_hal_i2c.o(.text.HAL_I2C_Mem_Write)
    [Anonymous Symbol]                       0x08000b74   Section        0  i2c.o(.text.HAL_I2C_MspInit)
    [Anonymous Symbol]                       0x08000c28   Section        0  stm32f4xx_hal.o(.text.HAL_IncTick)
    [Anonymous Symbol]                       0x08000c44   Section        0  stm32f4xx_hal.o(.text.HAL_Init)
    [Anonymous Symbol]                       0x08000c7c   Section        0  stm32f4xx_hal.o(.text.HAL_InitTick)
    [Anonymous Symbol]                       0x08000cc4   Section        0  stm32f4xx_hal_msp.o(.text.HAL_MspInit)
    [Anonymous Symbol]                       0x08000cfc   Section        0  stm32f4xx_hal_cortex.o(.text.HAL_NVIC_EnableIRQ)
    [Anonymous Symbol]                       0x08000d20   Section        0  stm32f4xx_hal_cortex.o(.text.HAL_NVIC_SetPriority)
    [Anonymous Symbol]                       0x08000d78   Section        0  stm32f4xx_hal_cortex.o(.text.HAL_NVIC_SetPriorityGrouping)
    [Anonymous Symbol]                       0x08000d98   Section        0  stm32f4xx_hal_rcc.o(.text.HAL_RCC_ClockConfig)
    [Anonymous Symbol]                       0x08000efc   Section        0  stm32f4xx_hal_rcc.o(.text.HAL_RCC_GetPCLK1Freq)
    [Anonymous Symbol]                       0x08000f24   Section        0  stm32f4xx_hal_rcc.o(.text.HAL_RCC_GetSysClockFreq)
    [Anonymous Symbol]                       0x08000f94   Section        0  stm32f4xx_hal_rcc.o(.text.HAL_RCC_OscConfig)
    [Anonymous Symbol]                       0x08001340   Section        0  stm32f4xx_hal_spi.o(.text.HAL_SPI_GetState)
    [Anonymous Symbol]                       0x08001348   Section        0  stm32f4xx_hal_spi.o(.text.HAL_SPI_Init)
    [Anonymous Symbol]                       0x080013f8   Section        0  spi.o(.text.HAL_SPI_MspInit)
    [Anonymous Symbol]                       0x080014a4   Section        0  stm32f4xx_hal_spi.o(.text.HAL_SPI_Receive)
    [Anonymous Symbol]                       0x080016a4   Section        0  stm32f4xx_hal_spi.o(.text.HAL_SPI_Transmit)
    [Anonymous Symbol]                       0x08001918   Section        0  stm32f4xx_hal_spi.o(.text.HAL_SPI_TransmitReceive)
    [Anonymous Symbol]                       0x08001c58   Section        0  stm32f4xx_hal_cortex.o(.text.HAL_SYSTICK_Config)
    [Anonymous Symbol]                       0x08001c84   Section        0  stm32f4xx_hal_tim_ex.o(.text.HAL_TIMEx_BreakCallback)
    [Anonymous Symbol]                       0x08001c88   Section        0  stm32f4xx_hal_tim_ex.o(.text.HAL_TIMEx_CommutCallback)
    [Anonymous Symbol]                       0x08001c8c   Section        0  stm32f4xx_hal_tim_ex.o(.text.HAL_TIMEx_MasterConfigSynchronization)
    [Anonymous Symbol]                       0x08001d48   Section        0  stm32f4xx_hal_tim.o(.text.HAL_TIM_Base_Init)
    [Anonymous Symbol]                       0x08001da4   Section        0  tim.o(.text.HAL_TIM_Base_MspInit)
    [Anonymous Symbol]                       0x08001dec   Section        0  stm32f4xx_hal_tim.o(.text.HAL_TIM_Base_Start_IT)
    [Anonymous Symbol]                       0x08001e98   Section        0  stm32f4xx_hal_tim.o(.text.HAL_TIM_ConfigClockSource)
    [Anonymous Symbol]                       0x08002038   Section        0  stm32f4xx_hal_tim.o(.text.HAL_TIM_IC_CaptureCallback)
    [Anonymous Symbol]                       0x0800203c   Section        0  stm32f4xx_hal_tim.o(.text.HAL_TIM_IRQHandler)
    [Anonymous Symbol]                       0x0800218c   Section        0  stm32f4xx_hal_tim.o(.text.HAL_TIM_OC_DelayElapsedCallback)
    [Anonymous Symbol]                       0x08002190   Section        0  stm32f4xx_hal_tim.o(.text.HAL_TIM_PWM_PulseFinishedCallback)
    [Anonymous Symbol]                       0x08002194   Section        0  callback.o(.text.HAL_TIM_PeriodElapsedCallback)
    [Anonymous Symbol]                       0x080021b8   Section        0  stm32f4xx_hal_tim.o(.text.HAL_TIM_TriggerCallback)
    [Anonymous Symbol]                       0x080021bc   Section        0  stm32f4xx_it.o(.text.HardFault_Handler)
    I2C_RequestMemoryRead                    0x080021c1   Thumb Code   274  stm32f4xx_hal_i2c.o(.text.I2C_RequestMemoryRead)
    [Anonymous Symbol]                       0x080021c0   Section        0  stm32f4xx_hal_i2c.o(.text.I2C_RequestMemoryRead)
    I2C_RequestMemoryWrite                   0x080022d5   Thumb Code   200  stm32f4xx_hal_i2c.o(.text.I2C_RequestMemoryWrite)
    [Anonymous Symbol]                       0x080022d4   Section        0  stm32f4xx_hal_i2c.o(.text.I2C_RequestMemoryWrite)
    I2C_WaitOnBTFFlagUntilTimeout            0x0800239d   Thumb Code   186  stm32f4xx_hal_i2c.o(.text.I2C_WaitOnBTFFlagUntilTimeout)
    [Anonymous Symbol]                       0x0800239c   Section        0  stm32f4xx_hal_i2c.o(.text.I2C_WaitOnBTFFlagUntilTimeout)
    I2C_WaitOnFlagUntilTimeout               0x08002459   Thumb Code   458  stm32f4xx_hal_i2c.o(.text.I2C_WaitOnFlagUntilTimeout)
    [Anonymous Symbol]                       0x08002458   Section        0  stm32f4xx_hal_i2c.o(.text.I2C_WaitOnFlagUntilTimeout)
    I2C_WaitOnMasterAddressFlagUntilTimeout  0x08002625   Thumb Code   214  stm32f4xx_hal_i2c.o(.text.I2C_WaitOnMasterAddressFlagUntilTimeout)
    [Anonymous Symbol]                       0x08002624   Section        0  stm32f4xx_hal_i2c.o(.text.I2C_WaitOnMasterAddressFlagUntilTimeout)
    I2C_WaitOnRXNEFlagUntilTimeout           0x080026fd   Thumb Code   144  stm32f4xx_hal_i2c.o(.text.I2C_WaitOnRXNEFlagUntilTimeout)
    [Anonymous Symbol]                       0x080026fc   Section        0  stm32f4xx_hal_i2c.o(.text.I2C_WaitOnRXNEFlagUntilTimeout)
    I2C_WaitOnTXEFlagUntilTimeout            0x0800278d   Thumb Code   186  stm32f4xx_hal_i2c.o(.text.I2C_WaitOnTXEFlagUntilTimeout)
    [Anonymous Symbol]                       0x0800278c   Section        0  stm32f4xx_hal_i2c.o(.text.I2C_WaitOnTXEFlagUntilTimeout)
    [Anonymous Symbol]                       0x08002848   Section        0  ist8310.o(.text.IST8310ReadMagData)
    [Anonymous Symbol]                       0x080028c4   Section        0  ist8310.o(.text.IST8310_init)
    [Anonymous Symbol]                       0x08002954   Section        0  gpio.o(.text.MX_GPIO_Init)
    [Anonymous Symbol]                       0x08002a48   Section        0  i2c.o(.text.MX_I2C3_Init)
    [Anonymous Symbol]                       0x08002a8c   Section        0  spi.o(.text.MX_SPI1_Init)
    [Anonymous Symbol]                       0x08002ae0   Section        0  tim.o(.text.MX_TIM1_Init)
    [Anonymous Symbol]                       0x08002b5c   Section        0  stm32f4xx_it.o(.text.MemManage_Handler)
    [Anonymous Symbol]                       0x08002b60   Section        0  stm32f4xx_it.o(.text.NMI_Handler)
    [Anonymous Symbol]                       0x08002b64   Section        0  stm32f4xx_it.o(.text.PendSV_Handler)
    SPI_WaitFlagStateUntilTimeout            0x08002b69   Thumb Code   292  stm32f4xx_hal_spi.o(.text.SPI_WaitFlagStateUntilTimeout)
    [Anonymous Symbol]                       0x08002b68   Section        0  stm32f4xx_hal_spi.o(.text.SPI_WaitFlagStateUntilTimeout)
    [Anonymous Symbol]                       0x08002c8c   Section        0  stm32f4xx_it.o(.text.SVC_Handler)
    [Anonymous Symbol]                       0x08002c90   Section        0  stm32f4xx_it.o(.text.SysTick_Handler)
    [Anonymous Symbol]                       0x08002c94   Section        0  main.o(.text.SystemClock_Config)
    [Anonymous Symbol]                       0x08002d40   Section        0  system_stm32f4xx.o(.text.SystemInit)
    [Anonymous Symbol]                       0x08002d54   Section        0  stm32f4xx_it.o(.text.TIM1_UP_TIM10_IRQHandler)
    [Anonymous Symbol]                       0x08002d60   Section        0  stm32f4xx_hal_tim.o(.text.TIM_Base_SetConfig)
    [Anonymous Symbol]                       0x08002e9c   Section        0  stm32f4xx_it.o(.text.UsageFault_Handler)
    [Anonymous Symbol]                       0x08002ea0   Section        0  imu.o(.text._ZN3IMU16kalman_calculateEv)
    [Anonymous Symbol]                       0x08002fe4   Section        0  imu.o(.text._ZN3IMU6updateEf)
    [Anonymous Symbol]                       0x08003248   Section        0  imu.o(.text._ZN3IMU8imu_initEv)
    [Anonymous Symbol]                       0x08003870   Section        0  bmi088.o(.text.bmi088_accel_read_data)
    [Anonymous Symbol]                       0x080039ec   Section        0  bmi088.o(.text.bmi088_accel_read_reg)
    [Anonymous Symbol]                       0x08003a90   Section        0  bmi088.o(.text.bmi088_accel_write_single_reg)
    [Anonymous Symbol]                       0x08003b18   Section        0  bmi088.o(.text.bmi088_gyro_read_data)
    [Anonymous Symbol]                       0x08003bec   Section        0  bmi088.o(.text.bmi088_gyro_read_reg)
    [Anonymous Symbol]                       0x08003c6c   Section        0  bmi088.o(.text.bmi088_gyro_write_single_reg)
    [Anonymous Symbol]                       0x08003cf4   Section        0  bmi088.o(.text.bmi088_init)
    [Anonymous Symbol]                       0x08003d64   Section        0  main.o(.text.main)
    i.__ARM_fpclassify                       0x08003d92   Section        0  fpclassify.o(i.__ARM_fpclassify)
    i.__ARM_fpclassifyf                      0x08003dc2   Section        0  fpclassifyf.o(i.__ARM_fpclassifyf)
    i.__hardfp_atan2f                        0x08003de8   Section        0  atan2f.o(i.__hardfp_atan2f)
    i.__hardfp_cosf                          0x08004094   Section        0  cosf.o(i.__hardfp_cosf)
    i.__hardfp_exp                           0x080041e8   Section        0  exp.o(i.__hardfp_exp)
    i.__hardfp_exp2                          0x08004540   Section        0  exp2.o(i.__hardfp_exp2)
    i.__hardfp_ldexp                         0x080046c8   Section        0  ldexp.o(i.__hardfp_ldexp)
    i.__hardfp_modf                          0x08004798   Section        0  modf.o(i.__hardfp_modf)
    i.__hardfp_sinf                          0x08004868   Section        0  sinf.o(i.__hardfp_sinf)
    i.__hardfp_tanf                          0x080049f8   Section        0  tanf.o(i.__hardfp_tanf)
    i.__kernel_poly                          0x08004b74   Section        0  poly.o(i.__kernel_poly)
    i.__mathlib_dbl_infnan                   0x08004c6c   Section        0  dunder.o(i.__mathlib_dbl_infnan)
    i.__mathlib_dbl_overflow                 0x08004c80   Section        0  dunder.o(i.__mathlib_dbl_overflow)
    i.__mathlib_dbl_underflow                0x08004ca0   Section        0  dunder.o(i.__mathlib_dbl_underflow)
    i.__mathlib_flt_infnan                   0x08004cc0   Section        0  funder.o(i.__mathlib_flt_infnan)
    i.__mathlib_flt_infnan2                  0x08004cc6   Section        0  funder.o(i.__mathlib_flt_infnan2)
    i.__mathlib_flt_invalid                  0x08004ccc   Section        0  funder.o(i.__mathlib_flt_invalid)
    i.__mathlib_flt_underflow                0x08004cdc   Section        0  funder.o(i.__mathlib_flt_underflow)
    i.__mathlib_rredf2                       0x08004cec   Section        0  rredf.o(i.__mathlib_rredf2)
    i.exp                                    0x08004e40   Section        0  exp.o(i.exp)
    i.ldexp                                  0x08004e50   Section        0  ldexp.o(i.ldexp)
    i.modf                                   0x08004e62   Section        0  modf.o(i.modf)
    $v0                                      0x08004e74   Number         0  d2f.o(x$fpl$d2f)
    x$fpl$d2f                                0x08004e74   Section       98  d2f.o(x$fpl$d2f)
    $v0                                      0x08004ed8   Number         0  daddsub_clz.o(x$fpl$dadd)
    x$fpl$dadd                               0x08004ed8   Section      336  daddsub_clz.o(x$fpl$dadd)
    _dadd1                                   0x08004ee9   Thumb Code     0  daddsub_clz.o(x$fpl$dadd)
    $v0                                      0x08005028   Number         0  dcheck1.o(x$fpl$dcheck1)
    x$fpl$dcheck1                            0x08005028   Section       16  dcheck1.o(x$fpl$dcheck1)
    $v0                                      0x08005038   Number         0  dcmpi.o(x$fpl$dcmpinf)
    x$fpl$dcmpinf                            0x08005038   Section       24  dcmpi.o(x$fpl$dcmpinf)
    $v0                                      0x08005050   Number         0  ddiv.o(x$fpl$ddiv)
    x$fpl$ddiv                               0x08005050   Section      696  ddiv.o(x$fpl$ddiv)
    ddiv_entry                               0x08005057   Thumb Code     0  ddiv.o(x$fpl$ddiv)
    $v0                                      0x08005308   Number         0  deqf.o(x$fpl$deqf)
    x$fpl$deqf                               0x08005308   Section      120  deqf.o(x$fpl$deqf)
    $v0                                      0x08005380   Number         0  dfix.o(x$fpl$dfix)
    x$fpl$dfix                               0x08005380   Section       94  dfix.o(x$fpl$dfix)
    $v0                                      0x080053de   Number         0  dflt_clz.o(x$fpl$dflt)
    x$fpl$dflt                               0x080053de   Section       46  dflt_clz.o(x$fpl$dflt)
    $v0                                      0x0800540c   Number         0  dflt_clz.o(x$fpl$dfltu)
    x$fpl$dfltu                              0x0800540c   Section       38  dflt_clz.o(x$fpl$dfltu)
    $v0                                      0x08005434   Number         0  dleqf.o(x$fpl$dleqf)
    x$fpl$dleqf                              0x08005434   Section      120  dleqf.o(x$fpl$dleqf)
    $v0                                      0x080054ac   Number         0  dmul.o(x$fpl$dmul)
    x$fpl$dmul                               0x080054ac   Section      340  dmul.o(x$fpl$dmul)
    $v0                                      0x08005600   Number         0  dnaninf.o(x$fpl$dnaninf)
    x$fpl$dnaninf                            0x08005600   Section      156  dnaninf.o(x$fpl$dnaninf)
    $v0                                      0x0800569c   Number         0  dretinf.o(x$fpl$dretinf)
    x$fpl$dretinf                            0x0800569c   Section       12  dretinf.o(x$fpl$dretinf)
    $v0                                      0x080056a8   Number         0  drleqf.o(x$fpl$drleqf)
    x$fpl$drleqf                             0x080056a8   Section      108  drleqf.o(x$fpl$drleqf)
    $v0                                      0x08005714   Number         0  daddsub_clz.o(x$fpl$drsb)
    x$fpl$drsb                               0x08005714   Section       22  daddsub_clz.o(x$fpl$drsb)
    $v0                                      0x0800572c   Number         0  daddsub_clz.o(x$fpl$dsub)
    x$fpl$dsub                               0x0800572c   Section      476  daddsub_clz.o(x$fpl$dsub)
    _dsub1                                   0x0800573d   Thumb Code     0  daddsub_clz.o(x$fpl$dsub)
    $v0                                      0x08005908   Number         0  f2d.o(x$fpl$f2d)
    x$fpl$f2d                                0x08005908   Section       86  f2d.o(x$fpl$f2d)
    $v0                                      0x0800595e   Number         0  fnaninf.o(x$fpl$fnaninf)
    x$fpl$fnaninf                            0x0800595e   Section      140  fnaninf.o(x$fpl$fnaninf)
    $v0                                      0x080059ea   Number         0  fpinit.o(x$fpl$fpinit)
    x$fpl$fpinit                             0x080059ea   Section       26  fpinit.o(x$fpl$fpinit)
    $v0                                      0x08005a04   Number         0  fretinf.o(x$fpl$fretinf)
    x$fpl$fretinf                            0x08005a04   Section       10  fretinf.o(x$fpl$fretinf)
    $v0                                      0x08005a0e   Number         0  retnan.o(x$fpl$retnan)
    x$fpl$retnan                             0x08005a0e   Section      100  retnan.o(x$fpl$retnan)
    $v0                                      0x08005a72   Number         0  scalbn.o(x$fpl$scalbn)
    x$fpl$scalbn                             0x08005a72   Section       92  scalbn.o(x$fpl$scalbn)
    $v0                                      0x08005ace   Number         0  trapv.o(x$fpl$trapveneer)
    x$fpl$trapveneer                         0x08005ace   Section       48  trapv.o(x$fpl$trapveneer)
    x$fpl$usenofp                            0x08005afe   Section        0  usenofp.o(x$fpl$usenofp)
    halF                                     0x08005b00   Data          16  exp.o(.constdata)
    .constdata                               0x08005b00   Section       88  exp.o(.constdata)
    ln2HI                                    0x08005b10   Data          16  exp.o(.constdata)
    ln2LO                                    0x08005b20   Data          16  exp.o(.constdata)
    P                                        0x08005b30   Data          40  exp.o(.constdata)
    twooverpi                                0x08005b58   Data          32  rredf.o(.constdata)
    .constdata                               0x08005b58   Section       32  rredf.o(.constdata)
    .Lswitch.table.bmi088_gyro_read_data     0x08005b78   Data          40  bmi088.o(.rodata..Lswitch.table.bmi088_gyro_read_data)
    .L_MergedGlobals                         0x20000000   Data          12  imu.o(.data..L_MergedGlobals)
    IMU::kalman_calculate()::P_roll          0x20000000   Data           4  imu.o(.data..L_MergedGlobals)
    [Anonymous Symbol]                       0x20000000   Section        0  imu.o(.data..L_MergedGlobals)
    IMU::kalman_calculate()::P_pitch         0x20000004   Data           4  imu.o(.data..L_MergedGlobals)
    IMU::kalman_calculate()::P_yaw           0x20000008   Data           4  imu.o(.data..L_MergedGlobals)
    .L_MergedGlobals                         0x2000000c   Data           8  stm32f4xx_hal.o(.data..L_MergedGlobals)
    [Anonymous Symbol]                       0x2000000c   Section        0  stm32f4xx_hal.o(.data..L_MergedGlobals)
    .bss                                     0x20000018   Section       96  libspace.o(.bss)
    .L_MergedGlobals.1                       0x20000078   Data           8  imu.o(.bss..L_MergedGlobals.1)
    IMU::update(float)::if_first             0x20000078   Data           1  imu.o(.bss..L_MergedGlobals.1)
    [Anonymous Symbol]                       0x20000078   Section        0  imu.o(.bss..L_MergedGlobals.1)
    IMU::update(float)::i                    0x2000007c   Data           4  imu.o(.bss..L_MergedGlobals.1)
    Heap_Mem                                 0x200001e8   Data         512  startup_stm32f407xx.o(HEAP)
    HEAP                                     0x200001e8   Section      512  startup_stm32f407xx.o(HEAP)
    Stack_Mem                                0x200003e8   Data        1024  startup_stm32f407xx.o(STACK)
    STACK                                    0x200003e8   Section     1024  startup_stm32f407xx.o(STACK)
    __initial_sp                             0x200007e8   Data           0  startup_stm32f407xx.o(STACK)

    Global Symbols

    Symbol Name                              Value     Ov Type        Size  Object(Section)

    BuildAttributes$$THM_ISAv4$E$P$D$K$B$S$7EM$VFPi3$EXTD16$VFPS$VFMA$PE$A:L22UL41UL21$X:L11$S22US41US21$IEEE1$IW$~IW$USESV6$~STKCKD$USESV7$~SHL$OTIME$ROPI$IEEEX$EBA8$UX$STANDARDLIB$REQ8$PRES8$EABIv2 0x00000000   Number         0  anon$$obj.o ABSOLUTE
    __ARM_exceptions_init                     - Undefined Weak Reference
    __alloca_initialize                       - Undefined Weak Reference
    __arm_preinit_                            - Undefined Weak Reference
    __arm_relocate_pie_                       - Undefined Weak Reference
    __cpp_initialize__aeabi_                  - Undefined Weak Reference
    __cxa_finalize                            - Undefined Weak Reference
    __rt_locale                               - Undefined Weak Reference
    __sigvec_lookup                           - Undefined Weak Reference
    _atexit_init                              - Undefined Weak Reference
    _call_atexit_fns                          - Undefined Weak Reference
    _clock_init                               - Undefined Weak Reference
    _fp_trap_init                             - Undefined Weak Reference
    _fp_trap_shutdown                         - Undefined Weak Reference
    _get_lc_collate                           - Undefined Weak Reference
    _get_lc_ctype                             - Undefined Weak Reference
    _get_lc_monetary                          - Undefined Weak Reference
    _get_lc_numeric                           - Undefined Weak Reference
    _get_lc_time                              - Undefined Weak Reference
    _getenv_init                              - Undefined Weak Reference
    _handle_redirection                       - Undefined Weak Reference
    _init_alloc                               - Undefined Weak Reference
    _init_user_alloc                          - Undefined Weak Reference
    _initio                                   - Undefined Weak Reference
    _rand_init                                - Undefined Weak Reference
    _signal_finish                            - Undefined Weak Reference
    _signal_init                              - Undefined Weak Reference
    _terminate_alloc                          - Undefined Weak Reference
    _terminate_user_alloc                     - Undefined Weak Reference
    _terminateio                              - Undefined Weak Reference
    __Vectors_Size                           0x00000188   Number         0  startup_stm32f407xx.o ABSOLUTE
    __Vectors                                0x08000000   Data           4  startup_stm32f407xx.o(RESET)
    __Vectors_End                            0x08000188   Data           0  startup_stm32f407xx.o(RESET)
    __main                                   0x08000189   Thumb Code     8  __main.o(!!!main)
    __scatterload                            0x08000191   Thumb Code     0  __scatter.o(!!!scatter)
    __scatterload_rt2                        0x08000191   Thumb Code    84  __scatter.o(!!!scatter)
    __scatterload_rt2_thumb_only             0x08000191   Thumb Code     0  __scatter.o(!!!scatter)
    __scatterload_loop                       0x0800019b   Thumb Code     0  __scatter.o(!!!scatter)
    __scatterload_copy                       0x080001ed   Thumb Code    26  __scatter_copy.o(!!handler_copy)
    __scatterload_null                       0x08000209   Thumb Code     2  __scatter.o(!!handler_null)
    __scatterload_zeroinit                   0x0800020d   Thumb Code    28  __scatter_zi.o(!!handler_zi)
    __rt_lib_init                            0x08000229   Thumb Code     0  libinit.o(.ARM.Collect$$libinit$$00000000)
    __rt_lib_init_fp_1                       0x0800022b   Thumb Code     0  libinit2.o(.ARM.Collect$$libinit$$00000001)
    __rt_lib_init_alloca_1                   0x0800022f   Thumb Code     0  libinit2.o(.ARM.Collect$$libinit$$00000030)
    __rt_lib_init_argv_1                     0x0800022f   Thumb Code     0  libinit2.o(.ARM.Collect$$libinit$$0000002E)
    __rt_lib_init_atexit_1                   0x0800022f   Thumb Code     0  libinit2.o(.ARM.Collect$$libinit$$0000001D)
    __rt_lib_init_clock_1                    0x0800022f   Thumb Code     0  libinit2.o(.ARM.Collect$$libinit$$00000023)
    __rt_lib_init_cpp_1                      0x0800022f   Thumb Code     0  libinit2.o(.ARM.Collect$$libinit$$00000034)
    __rt_lib_init_exceptions_1               0x0800022f   Thumb Code     0  libinit2.o(.ARM.Collect$$libinit$$00000032)
    __rt_lib_init_fp_trap_1                  0x0800022f   Thumb Code     0  libinit2.o(.ARM.Collect$$libinit$$00000021)
    __rt_lib_init_getenv_1                   0x0800022f   Thumb Code     0  libinit2.o(.ARM.Collect$$libinit$$00000025)
    __rt_lib_init_heap_1                     0x0800022f   Thumb Code     0  libinit2.o(.ARM.Collect$$libinit$$0000000C)
    __rt_lib_init_lc_collate_1               0x0800022f   Thumb Code     0  libinit2.o(.ARM.Collect$$libinit$$00000013)
    __rt_lib_init_lc_ctype_1                 0x0800022f   Thumb Code     0  libinit2.o(.ARM.Collect$$libinit$$00000015)
    __rt_lib_init_lc_monetary_1              0x0800022f   Thumb Code     0  libinit2.o(.ARM.Collect$$libinit$$00000017)
    __rt_lib_init_lc_numeric_1               0x0800022f   Thumb Code     0  libinit2.o(.ARM.Collect$$libinit$$00000019)
    __rt_lib_init_lc_time_1                  0x0800022f   Thumb Code     0  libinit2.o(.ARM.Collect$$libinit$$0000001B)
    __rt_lib_init_preinit_1                  0x0800022f   Thumb Code     0  libinit2.o(.ARM.Collect$$libinit$$00000006)
    __rt_lib_init_rand_1                     0x0800022f   Thumb Code     0  libinit2.o(.ARM.Collect$$libinit$$00000010)
    __rt_lib_init_relocate_pie_1             0x0800022f   Thumb Code     0  libinit2.o(.ARM.Collect$$libinit$$00000004)
    __rt_lib_init_return                     0x0800022f   Thumb Code     0  libinit2.o(.ARM.Collect$$libinit$$00000035)
    __rt_lib_init_signal_1                   0x0800022f   Thumb Code     0  libinit2.o(.ARM.Collect$$libinit$$0000001F)
    __rt_lib_init_stdio_1                    0x0800022f   Thumb Code     0  libinit2.o(.ARM.Collect$$libinit$$00000027)
    __rt_lib_init_user_alloc_1               0x0800022f   Thumb Code     0  libinit2.o(.ARM.Collect$$libinit$$0000000E)
    __rt_lib_shutdown                        0x08000231   Thumb Code     0  libshutdown.o(.ARM.Collect$$libshutdown$$00000000)
    __rt_lib_shutdown_cpp_1                  0x08000233   Thumb Code     0  libshutdown2.o(.ARM.Collect$$libshutdown$$00000002)
    __rt_lib_shutdown_fp_trap_1              0x08000233   Thumb Code     0  libshutdown2.o(.ARM.Collect$$libshutdown$$00000007)
    __rt_lib_shutdown_heap_1                 0x08000233   Thumb Code     0  libshutdown2.o(.ARM.Collect$$libshutdown$$0000000F)
    __rt_lib_shutdown_return                 0x08000233   Thumb Code     0  libshutdown2.o(.ARM.Collect$$libshutdown$$00000010)
    __rt_lib_shutdown_signal_1               0x08000233   Thumb Code     0  libshutdown2.o(.ARM.Collect$$libshutdown$$0000000A)
    __rt_lib_shutdown_stdio_1                0x08000233   Thumb Code     0  libshutdown2.o(.ARM.Collect$$libshutdown$$00000004)
    __rt_lib_shutdown_user_alloc_1           0x08000233   Thumb Code     0  libshutdown2.o(.ARM.Collect$$libshutdown$$0000000C)
    __rt_entry                               0x08000235   Thumb Code     0  __rtentry.o(.ARM.Collect$$rtentry$$00000000)
    __rt_entry_presh_1                       0x08000235   Thumb Code     0  __rtentry2.o(.ARM.Collect$$rtentry$$00000002)
    __rt_entry_sh                            0x08000235   Thumb Code     0  __rtentry4.o(.ARM.Collect$$rtentry$$00000004)
    __rt_entry_li                            0x0800023b   Thumb Code     0  __rtentry2.o(.ARM.Collect$$rtentry$$0000000A)
    __rt_entry_postsh_1                      0x0800023b   Thumb Code     0  __rtentry2.o(.ARM.Collect$$rtentry$$00000009)
    __rt_entry_main                          0x0800023f   Thumb Code     0  __rtentry2.o(.ARM.Collect$$rtentry$$0000000D)
    __rt_entry_postli_1                      0x0800023f   Thumb Code     0  __rtentry2.o(.ARM.Collect$$rtentry$$0000000C)
    __rt_exit                                0x08000247   Thumb Code     0  rtexit.o(.ARM.Collect$$rtexit$$00000000)
    __rt_exit_ls                             0x08000249   Thumb Code     0  rtexit2.o(.ARM.Collect$$rtexit$$00000003)
    __rt_exit_prels_1                        0x08000249   Thumb Code     0  rtexit2.o(.ARM.Collect$$rtexit$$00000002)
    __rt_exit_exit                           0x0800024d   Thumb Code     0  rtexit2.o(.ARM.Collect$$rtexit$$00000004)
    Reset_Handler                            0x08000255   Thumb Code     8  startup_stm32f407xx.o(.text)
    ADC_IRQHandler                           0x0800026f   Thumb Code     0  startup_stm32f407xx.o(.text)
    CAN1_RX0_IRQHandler                      0x0800026f   Thumb Code     0  startup_stm32f407xx.o(.text)
    CAN1_RX1_IRQHandler                      0x0800026f   Thumb Code     0  startup_stm32f407xx.o(.text)
    CAN1_SCE_IRQHandler                      0x0800026f   Thumb Code     0  startup_stm32f407xx.o(.text)
    CAN1_TX_IRQHandler                       0x0800026f   Thumb Code     0  startup_stm32f407xx.o(.text)
    CAN2_RX0_IRQHandler                      0x0800026f   Thumb Code     0  startup_stm32f407xx.o(.text)
    CAN2_RX1_IRQHandler                      0x0800026f   Thumb Code     0  startup_stm32f407xx.o(.text)
    CAN2_SCE_IRQHandler                      0x0800026f   Thumb Code     0  startup_stm32f407xx.o(.text)
    CAN2_TX_IRQHandler                       0x0800026f   Thumb Code     0  startup_stm32f407xx.o(.text)
    DCMI_IRQHandler                          0x0800026f   Thumb Code     0  startup_stm32f407xx.o(.text)
    DMA1_Stream0_IRQHandler                  0x0800026f   Thumb Code     0  startup_stm32f407xx.o(.text)
    DMA1_Stream1_IRQHandler                  0x0800026f   Thumb Code     0  startup_stm32f407xx.o(.text)
    DMA1_Stream2_IRQHandler                  0x0800026f   Thumb Code     0  startup_stm32f407xx.o(.text)
    DMA1_Stream3_IRQHandler                  0x0800026f   Thumb Code     0  startup_stm32f407xx.o(.text)
    DMA1_Stream4_IRQHandler                  0x0800026f   Thumb Code     0  startup_stm32f407xx.o(.text)
    DMA1_Stream5_IRQHandler                  0x0800026f   Thumb Code     0  startup_stm32f407xx.o(.text)
    DMA1_Stream6_IRQHandler                  0x0800026f   Thumb Code     0  startup_stm32f407xx.o(.text)
    DMA1_Stream7_IRQHandler                  0x0800026f   Thumb Code     0  startup_stm32f407xx.o(.text)
    DMA2_Stream0_IRQHandler                  0x0800026f   Thumb Code     0  startup_stm32f407xx.o(.text)
    DMA2_Stream1_IRQHandler                  0x0800026f   Thumb Code     0  startup_stm32f407xx.o(.text)
    DMA2_Stream2_IRQHandler                  0x0800026f   Thumb Code     0  startup_stm32f407xx.o(.text)
    DMA2_Stream3_IRQHandler                  0x0800026f   Thumb Code     0  startup_stm32f407xx.o(.text)
    DMA2_Stream4_IRQHandler                  0x0800026f   Thumb Code     0  startup_stm32f407xx.o(.text)
    DMA2_Stream5_IRQHandler                  0x0800026f   Thumb Code     0  startup_stm32f407xx.o(.text)
    DMA2_Stream6_IRQHandler                  0x0800026f   Thumb Code     0  startup_stm32f407xx.o(.text)
    DMA2_Stream7_IRQHandler                  0x0800026f   Thumb Code     0  startup_stm32f407xx.o(.text)
    ETH_IRQHandler                           0x0800026f   Thumb Code     0  startup_stm32f407xx.o(.text)
    ETH_WKUP_IRQHandler                      0x0800026f   Thumb Code     0  startup_stm32f407xx.o(.text)
    EXTI0_IRQHandler                         0x0800026f   Thumb Code     0  startup_stm32f407xx.o(.text)
    EXTI15_10_IRQHandler                     0x0800026f   Thumb Code     0  startup_stm32f407xx.o(.text)
    EXTI1_IRQHandler                         0x0800026f   Thumb Code     0  startup_stm32f407xx.o(.text)
    EXTI2_IRQHandler                         0x0800026f   Thumb Code     0  startup_stm32f407xx.o(.text)
    EXTI3_IRQHandler                         0x0800026f   Thumb Code     0  startup_stm32f407xx.o(.text)
    EXTI4_IRQHandler                         0x0800026f   Thumb Code     0  startup_stm32f407xx.o(.text)
    EXTI9_5_IRQHandler                       0x0800026f   Thumb Code     0  startup_stm32f407xx.o(.text)
    FLASH_IRQHandler                         0x0800026f   Thumb Code     0  startup_stm32f407xx.o(.text)
    FMC_IRQHandler                           0x0800026f   Thumb Code     0  startup_stm32f407xx.o(.text)
    FPU_IRQHandler                           0x0800026f   Thumb Code     0  startup_stm32f407xx.o(.text)
    HASH_RNG_IRQHandler                      0x0800026f   Thumb Code     0  startup_stm32f407xx.o(.text)
    I2C1_ER_IRQHandler                       0x0800026f   Thumb Code     0  startup_stm32f407xx.o(.text)
    I2C1_EV_IRQHandler                       0x0800026f   Thumb Code     0  startup_stm32f407xx.o(.text)
    I2C2_ER_IRQHandler                       0x0800026f   Thumb Code     0  startup_stm32f407xx.o(.text)
    I2C2_EV_IRQHandler                       0x0800026f   Thumb Code     0  startup_stm32f407xx.o(.text)
    I2C3_ER_IRQHandler                       0x0800026f   Thumb Code     0  startup_stm32f407xx.o(.text)
    I2C3_EV_IRQHandler                       0x0800026f   Thumb Code     0  startup_stm32f407xx.o(.text)
    OTG_FS_IRQHandler                        0x0800026f   Thumb Code     0  startup_stm32f407xx.o(.text)
    OTG_FS_WKUP_IRQHandler                   0x0800026f   Thumb Code     0  startup_stm32f407xx.o(.text)
    OTG_HS_EP1_IN_IRQHandler                 0x0800026f   Thumb Code     0  startup_stm32f407xx.o(.text)
    OTG_HS_EP1_OUT_IRQHandler                0x0800026f   Thumb Code     0  startup_stm32f407xx.o(.text)
    OTG_HS_IRQHandler                        0x0800026f   Thumb Code     0  startup_stm32f407xx.o(.text)
    OTG_HS_WKUP_IRQHandler                   0x0800026f   Thumb Code     0  startup_stm32f407xx.o(.text)
    PVD_IRQHandler                           0x0800026f   Thumb Code     0  startup_stm32f407xx.o(.text)
    RCC_IRQHandler                           0x0800026f   Thumb Code     0  startup_stm32f407xx.o(.text)
    RTC_Alarm_IRQHandler                     0x0800026f   Thumb Code     0  startup_stm32f407xx.o(.text)
    RTC_WKUP_IRQHandler                      0x0800026f   Thumb Code     0  startup_stm32f407xx.o(.text)
    SDIO_IRQHandler                          0x0800026f   Thumb Code     0  startup_stm32f407xx.o(.text)
    SPI1_IRQHandler                          0x0800026f   Thumb Code     0  startup_stm32f407xx.o(.text)
    SPI2_IRQHandler                          0x0800026f   Thumb Code     0  startup_stm32f407xx.o(.text)
    SPI3_IRQHandler                          0x0800026f   Thumb Code     0  startup_stm32f407xx.o(.text)
    TAMP_STAMP_IRQHandler                    0x0800026f   Thumb Code     0  startup_stm32f407xx.o(.text)
    TIM1_BRK_TIM9_IRQHandler                 0x0800026f   Thumb Code     0  startup_stm32f407xx.o(.text)
    TIM1_CC_IRQHandler                       0x0800026f   Thumb Code     0  startup_stm32f407xx.o(.text)
    TIM1_TRG_COM_TIM11_IRQHandler            0x0800026f   Thumb Code     0  startup_stm32f407xx.o(.text)
    TIM2_IRQHandler                          0x0800026f   Thumb Code     0  startup_stm32f407xx.o(.text)
    TIM3_IRQHandler                          0x0800026f   Thumb Code     0  startup_stm32f407xx.o(.text)
    TIM4_IRQHandler                          0x0800026f   Thumb Code     0  startup_stm32f407xx.o(.text)
    TIM5_IRQHandler                          0x0800026f   Thumb Code     0  startup_stm32f407xx.o(.text)
    TIM6_DAC_IRQHandler                      0x0800026f   Thumb Code     0  startup_stm32f407xx.o(.text)
    TIM7_IRQHandler                          0x0800026f   Thumb Code     0  startup_stm32f407xx.o(.text)
    TIM8_BRK_TIM12_IRQHandler                0x0800026f   Thumb Code     0  startup_stm32f407xx.o(.text)
    TIM8_CC_IRQHandler                       0x0800026f   Thumb Code     0  startup_stm32f407xx.o(.text)
    TIM8_TRG_COM_TIM14_IRQHandler            0x0800026f   Thumb Code     0  startup_stm32f407xx.o(.text)
    TIM8_UP_TIM13_IRQHandler                 0x0800026f   Thumb Code     0  startup_stm32f407xx.o(.text)
    UART4_IRQHandler                         0x0800026f   Thumb Code     0  startup_stm32f407xx.o(.text)
    UART5_IRQHandler                         0x0800026f   Thumb Code     0  startup_stm32f407xx.o(.text)
    USART1_IRQHandler                        0x0800026f   Thumb Code     0  startup_stm32f407xx.o(.text)
    USART2_IRQHandler                        0x0800026f   Thumb Code     0  startup_stm32f407xx.o(.text)
    USART3_IRQHandler                        0x0800026f   Thumb Code     0  startup_stm32f407xx.o(.text)
    USART6_IRQHandler                        0x0800026f   Thumb Code     0  startup_stm32f407xx.o(.text)
    WWDG_IRQHandler                          0x0800026f   Thumb Code     0  startup_stm32f407xx.o(.text)
    __user_initial_stackheap                 0x08000271   Thumb Code     0  startup_stm32f407xx.o(.text)
    __aeabi_uldivmod                         0x08000295   Thumb Code     0  lludivv7m.o(.text)
    _ll_udiv                                 0x08000295   Thumb Code   240  lludivv7m.o(.text)
    __aeabi_memclr4                          0x08000385   Thumb Code     0  rt_memclr_w.o(.text)
    __aeabi_memclr8                          0x08000385   Thumb Code     0  rt_memclr_w.o(.text)
    __rt_memclr_w                            0x08000385   Thumb Code     0  rt_memclr_w.o(.text)
    _memset_w                                0x08000389   Thumb Code    74  rt_memclr_w.o(.text)
    __use_two_region_memory                  0x080003d3   Thumb Code     2  heapauxi.o(.text)
    __rt_heap_escrow$2region                 0x080003d5   Thumb Code     2  heapauxi.o(.text)
    __rt_heap_expand$2region                 0x080003d7   Thumb Code     2  heapauxi.o(.text)
    __read_errno                             0x080003d9   Thumb Code    10  _rserrno.o(.text)
    __set_errno                              0x080003e3   Thumb Code    12  _rserrno.o(.text)
    __aeabi_errno_addr                       0x080003f1   Thumb Code     8  rt_errno_addr_intlibspace.o(.text)
    __errno$intlibspace                      0x080003f1   Thumb Code     0  rt_errno_addr_intlibspace.o(.text)
    __rt_errno_addr$intlibspace              0x080003f1   Thumb Code     0  rt_errno_addr_intlibspace.o(.text)
    __user_libspace                          0x080003f9   Thumb Code     8  libspace.o(.text)
    __user_perproc_libspace                  0x080003f9   Thumb Code     0  libspace.o(.text)
    __user_perthread_libspace                0x080003f9   Thumb Code     0  libspace.o(.text)
    __user_setup_stackheap                   0x08000401   Thumb Code    74  sys_stackheap_outer.o(.text)
    exit                                     0x0800044b   Thumb Code    18  exit.o(.text)
    _sys_exit                                0x0800045d   Thumb Code     8  sys_exit.o(.text)
    __I$use$semihosting                      0x08000469   Thumb Code     0  use_no_semi.o(.text)
    __use_no_semihosting_swi                 0x08000469   Thumb Code     2  use_no_semi.o(.text)
    __semihosting_library_function           0x0800046b   Thumb Code     0  indicate_semi.o(.text)
    BusFault_Handler                         0x0800046d   Thumb Code     2  stm32f4xx_it.o(.text.BusFault_Handler)
    DebugMon_Handler                         0x08000471   Thumb Code     2  stm32f4xx_it.o(.text.DebugMon_Handler)
    Error_Handler                            0x08000475   Thumb Code     6  main.o(.text.Error_Handler)
    HAL_Delay                                0x0800047d   Thumb Code    40  stm32f4xx_hal.o(.text.HAL_Delay)
    HAL_GPIO_Init                            0x080004a5   Thumb Code   414  stm32f4xx_hal_gpio.o(.text.HAL_GPIO_Init)
    HAL_GPIO_WritePin                        0x08000645   Thumb Code    10  stm32f4xx_hal_gpio.o(.text.HAL_GPIO_WritePin)
    HAL_GetTick                              0x08000651   Thumb Code    12  stm32f4xx_hal.o(.text.HAL_GetTick)
    HAL_I2C_Init                             0x0800065d   Thumb Code   356  stm32f4xx_hal_i2c.o(.text.HAL_I2C_Init)
    HAL_I2C_Mem_Read                         0x080007c1   Thumb Code   600  stm32f4xx_hal_i2c.o(.text.HAL_I2C_Mem_Read)
    HAL_I2C_Mem_Write                        0x08000a19   Thumb Code   348  stm32f4xx_hal_i2c.o(.text.HAL_I2C_Mem_Write)
    HAL_I2C_MspInit                          0x08000b75   Thumb Code   180  i2c.o(.text.HAL_I2C_MspInit)
    HAL_IncTick                              0x08000c29   Thumb Code    26  stm32f4xx_hal.o(.text.HAL_IncTick)
    HAL_Init                                 0x08000c45   Thumb Code    54  stm32f4xx_hal.o(.text.HAL_Init)
    HAL_InitTick                             0x08000c7d   Thumb Code    72  stm32f4xx_hal.o(.text.HAL_InitTick)
    HAL_MspInit                              0x08000cc5   Thumb Code    56  stm32f4xx_hal_msp.o(.text.HAL_MspInit)
    HAL_NVIC_EnableIRQ                       0x08000cfd   Thumb Code    34  stm32f4xx_hal_cortex.o(.text.HAL_NVIC_EnableIRQ)
    HAL_NVIC_SetPriority                     0x08000d21   Thumb Code    86  stm32f4xx_hal_cortex.o(.text.HAL_NVIC_SetPriority)
    HAL_NVIC_SetPriorityGrouping             0x08000d79   Thumb Code    32  stm32f4xx_hal_cortex.o(.text.HAL_NVIC_SetPriorityGrouping)
    HAL_RCC_ClockConfig                      0x08000d99   Thumb Code   356  stm32f4xx_hal_rcc.o(.text.HAL_RCC_ClockConfig)
    HAL_RCC_GetPCLK1Freq                     0x08000efd   Thumb Code    38  stm32f4xx_hal_rcc.o(.text.HAL_RCC_GetPCLK1Freq)
    HAL_RCC_GetSysClockFreq                  0x08000f25   Thumb Code   110  stm32f4xx_hal_rcc.o(.text.HAL_RCC_GetSysClockFreq)
    HAL_RCC_OscConfig                        0x08000f95   Thumb Code   940  stm32f4xx_hal_rcc.o(.text.HAL_RCC_OscConfig)
    HAL_SPI_GetState                         0x08001341   Thumb Code     6  stm32f4xx_hal_spi.o(.text.HAL_SPI_GetState)
    HAL_SPI_Init                             0x08001349   Thumb Code   176  stm32f4xx_hal_spi.o(.text.HAL_SPI_Init)
    HAL_SPI_MspInit                          0x080013f9   Thumb Code   172  spi.o(.text.HAL_SPI_MspInit)
    HAL_SPI_Receive                          0x080014a5   Thumb Code   512  stm32f4xx_hal_spi.o(.text.HAL_SPI_Receive)
    HAL_SPI_Transmit                         0x080016a5   Thumb Code   628  stm32f4xx_hal_spi.o(.text.HAL_SPI_Transmit)
    HAL_SPI_TransmitReceive                  0x08001919   Thumb Code   832  stm32f4xx_hal_spi.o(.text.HAL_SPI_TransmitReceive)
    HAL_SYSTICK_Config                       0x08001c59   Thumb Code    44  stm32f4xx_hal_cortex.o(.text.HAL_SYSTICK_Config)
    HAL_TIMEx_BreakCallback                  0x08001c85   Thumb Code     2  stm32f4xx_hal_tim_ex.o(.text.HAL_TIMEx_BreakCallback)
    HAL_TIMEx_CommutCallback                 0x08001c89   Thumb Code     2  stm32f4xx_hal_tim_ex.o(.text.HAL_TIMEx_CommutCallback)
    HAL_TIMEx_MasterConfigSynchronization    0x08001c8d   Thumb Code   186  stm32f4xx_hal_tim_ex.o(.text.HAL_TIMEx_MasterConfigSynchronization)
    HAL_TIM_Base_Init                        0x08001d49   Thumb Code    90  stm32f4xx_hal_tim.o(.text.HAL_TIM_Base_Init)
    HAL_TIM_Base_MspInit                     0x08001da5   Thumb Code    70  tim.o(.text.HAL_TIM_Base_MspInit)
    HAL_TIM_Base_Start_IT                    0x08001ded   Thumb Code   170  stm32f4xx_hal_tim.o(.text.HAL_TIM_Base_Start_IT)
    HAL_TIM_ConfigClockSource                0x08001e99   Thumb Code   416  stm32f4xx_hal_tim.o(.text.HAL_TIM_ConfigClockSource)
    HAL_TIM_IC_CaptureCallback               0x08002039   Thumb Code     2  stm32f4xx_hal_tim.o(.text.HAL_TIM_IC_CaptureCallback)
    HAL_TIM_IRQHandler                       0x0800203d   Thumb Code   334  stm32f4xx_hal_tim.o(.text.HAL_TIM_IRQHandler)
    HAL_TIM_OC_DelayElapsedCallback          0x0800218d   Thumb Code     2  stm32f4xx_hal_tim.o(.text.HAL_TIM_OC_DelayElapsedCallback)
    HAL_TIM_PWM_PulseFinishedCallback        0x08002191   Thumb Code     2  stm32f4xx_hal_tim.o(.text.HAL_TIM_PWM_PulseFinishedCallback)
    HAL_TIM_PeriodElapsedCallback            0x08002195   Thumb Code    32  callback.o(.text.HAL_TIM_PeriodElapsedCallback)
    HAL_TIM_TriggerCallback                  0x080021b9   Thumb Code     2  stm32f4xx_hal_tim.o(.text.HAL_TIM_TriggerCallback)
    HardFault_Handler                        0x080021bd   Thumb Code     2  stm32f4xx_it.o(.text.HardFault_Handler)
    IST8310ReadMagData                       0x08002849   Thumb Code   120  ist8310.o(.text.IST8310ReadMagData)
    IST8310_init                             0x080028c5   Thumb Code   142  ist8310.o(.text.IST8310_init)
    MX_GPIO_Init                             0x08002955   Thumb Code   242  gpio.o(.text.MX_GPIO_Init)
    MX_I2C3_Init                             0x08002a49   Thumb Code    66  i2c.o(.text.MX_I2C3_Init)
    MX_SPI1_Init                             0x08002a8d   Thumb Code    82  spi.o(.text.MX_SPI1_Init)
    MX_TIM1_Init                             0x08002ae1   Thumb Code   122  tim.o(.text.MX_TIM1_Init)
    MemManage_Handler                        0x08002b5d   Thumb Code     2  stm32f4xx_it.o(.text.MemManage_Handler)
    NMI_Handler                              0x08002b61   Thumb Code     2  stm32f4xx_it.o(.text.NMI_Handler)
    PendSV_Handler                           0x08002b65   Thumb Code     2  stm32f4xx_it.o(.text.PendSV_Handler)
    SVC_Handler                              0x08002c8d   Thumb Code     2  stm32f4xx_it.o(.text.SVC_Handler)
    SysTick_Handler                          0x08002c91   Thumb Code     4  stm32f4xx_it.o(.text.SysTick_Handler)
    SystemClock_Config                       0x08002c95   Thumb Code   172  main.o(.text.SystemClock_Config)
    SystemInit                               0x08002d41   Thumb Code    18  system_stm32f4xx.o(.text.SystemInit)
    TIM1_UP_TIM10_IRQHandler                 0x08002d55   Thumb Code    12  stm32f4xx_it.o(.text.TIM1_UP_TIM10_IRQHandler)
    TIM_Base_SetConfig                       0x08002d61   Thumb Code   314  stm32f4xx_hal_tim.o(.text.TIM_Base_SetConfig)
    UsageFault_Handler                       0x08002e9d   Thumb Code     2  stm32f4xx_it.o(.text.UsageFault_Handler)
    IMU::kalman_calculate()                  0x08002ea1   Thumb Code   304  imu.o(.text._ZN3IMU16kalman_calculateEv)
    IMU::update(float)                       0x08002fe5   Thumb Code   612  imu.o(.text._ZN3IMU6updateEf)
    IMU::imu_init()                          0x08003249   Thumb Code  1572  imu.o(.text._ZN3IMU8imu_initEv)
    bmi088_accel_read_data                   0x08003871   Thumb Code   344  bmi088.o(.text.bmi088_accel_read_data)
    bmi088_accel_read_reg                    0x080039ed   Thumb Code   164  bmi088.o(.text.bmi088_accel_read_reg)
    bmi088_accel_write_single_reg            0x08003a91   Thumb Code   132  bmi088.o(.text.bmi088_accel_write_single_reg)
    bmi088_gyro_read_data                    0x08003b19   Thumb Code   192  bmi088.o(.text.bmi088_gyro_read_data)
    bmi088_gyro_read_reg                     0x08003bed   Thumb Code   128  bmi088.o(.text.bmi088_gyro_read_reg)
    bmi088_gyro_write_single_reg             0x08003c6d   Thumb Code   136  bmi088.o(.text.bmi088_gyro_write_single_reg)
    bmi088_init                              0x08003cf5   Thumb Code   110  bmi088.o(.text.bmi088_init)
    main                                     0x08003d65   Thumb Code    46  main.o(.text.main)
    __ARM_fpclassify                         0x08003d93   Thumb Code    48  fpclassify.o(i.__ARM_fpclassify)
    __ARM_fpclassifyf                        0x08003dc3   Thumb Code    38  fpclassifyf.o(i.__ARM_fpclassifyf)
    __hardfp_atan2f                          0x08003de9   Thumb Code   594  atan2f.o(i.__hardfp_atan2f)
    __hardfp_cosf                            0x08004095   Thumb Code   280  cosf.o(i.__hardfp_cosf)
    __hardfp_exp                             0x080041e9   Thumb Code   714  exp.o(i.__hardfp_exp)
    __hardfp_exp2                            0x08004541   Thumb Code   332  exp2.o(i.__hardfp_exp2)
    __hardfp_ldexp                           0x080046c9   Thumb Code   200  ldexp.o(i.__hardfp_ldexp)
    __hardfp_modf                            0x08004799   Thumb Code   202  modf.o(i.__hardfp_modf)
    __hardfp_sinf                            0x08004869   Thumb Code   344  sinf.o(i.__hardfp_sinf)
    __hardfp_tanf                            0x080049f9   Thumb Code   322  tanf.o(i.__hardfp_tanf)
    __kernel_poly                            0x08004b75   Thumb Code   248  poly.o(i.__kernel_poly)
    __mathlib_dbl_infnan                     0x08004c6d   Thumb Code    20  dunder.o(i.__mathlib_dbl_infnan)
    __mathlib_dbl_overflow                   0x08004c81   Thumb Code    24  dunder.o(i.__mathlib_dbl_overflow)
    __mathlib_dbl_underflow                  0x08004ca1   Thumb Code    24  dunder.o(i.__mathlib_dbl_underflow)
    __mathlib_flt_infnan                     0x08004cc1   Thumb Code     6  funder.o(i.__mathlib_flt_infnan)
    __mathlib_flt_infnan2                    0x08004cc7   Thumb Code     6  funder.o(i.__mathlib_flt_infnan2)
    __mathlib_flt_invalid                    0x08004ccd   Thumb Code    10  funder.o(i.__mathlib_flt_invalid)
    __mathlib_flt_underflow                  0x08004cdd   Thumb Code    10  funder.o(i.__mathlib_flt_underflow)
    __mathlib_rredf2                         0x08004ced   Thumb Code   316  rredf.o(i.__mathlib_rredf2)
    exp                                      0x08004e41   Thumb Code    16  exp.o(i.exp)
    ldexp                                    0x08004e51   Thumb Code    18  ldexp.o(i.ldexp)
    modf                                     0x08004e63   Thumb Code    18  modf.o(i.modf)
    __aeabi_d2f                              0x08004e75   Thumb Code     0  d2f.o(x$fpl$d2f)
    _d2f                                     0x08004e75   Thumb Code    98  d2f.o(x$fpl$d2f)
    __aeabi_dadd                             0x08004ed9   Thumb Code     0  daddsub_clz.o(x$fpl$dadd)
    _dadd                                    0x08004ed9   Thumb Code   332  daddsub_clz.o(x$fpl$dadd)
    __fpl_dcheck_NaN1                        0x08005029   Thumb Code    10  dcheck1.o(x$fpl$dcheck1)
    __fpl_dcmp_Inf                           0x08005039   Thumb Code    24  dcmpi.o(x$fpl$dcmpinf)
    __aeabi_ddiv                             0x08005051   Thumb Code     0  ddiv.o(x$fpl$ddiv)
    _ddiv                                    0x08005051   Thumb Code   560  ddiv.o(x$fpl$ddiv)
    __aeabi_cdcmpeq                          0x08005309   Thumb Code     0  deqf.o(x$fpl$deqf)
    _dcmpeq                                  0x08005309   Thumb Code   120  deqf.o(x$fpl$deqf)
    __aeabi_d2iz                             0x08005381   Thumb Code     0  dfix.o(x$fpl$dfix)
    _dfix                                    0x08005381   Thumb Code    94  dfix.o(x$fpl$dfix)
    __aeabi_i2d                              0x080053df   Thumb Code     0  dflt_clz.o(x$fpl$dflt)
    _dflt                                    0x080053df   Thumb Code    46  dflt_clz.o(x$fpl$dflt)
    __aeabi_ui2d                             0x0800540d   Thumb Code     0  dflt_clz.o(x$fpl$dfltu)
    _dfltu                                   0x0800540d   Thumb Code    38  dflt_clz.o(x$fpl$dfltu)
    __aeabi_cdcmple                          0x08005435   Thumb Code     0  dleqf.o(x$fpl$dleqf)
    _dcmple                                  0x08005435   Thumb Code   120  dleqf.o(x$fpl$dleqf)
    __fpl_dcmple_InfNaN                      0x08005497   Thumb Code     0  dleqf.o(x$fpl$dleqf)
    __aeabi_dmul                             0x080054ad   Thumb Code     0  dmul.o(x$fpl$dmul)
    _dmul                                    0x080054ad   Thumb Code   332  dmul.o(x$fpl$dmul)
    __fpl_dnaninf                            0x08005601   Thumb Code   156  dnaninf.o(x$fpl$dnaninf)
    __fpl_dretinf                            0x0800569d   Thumb Code    12  dretinf.o(x$fpl$dretinf)
    __aeabi_cdrcmple                         0x080056a9   Thumb Code     0  drleqf.o(x$fpl$drleqf)
    _drcmple                                 0x080056a9   Thumb Code   108  drleqf.o(x$fpl$drleqf)
    __aeabi_drsub                            0x08005715   Thumb Code     0  daddsub_clz.o(x$fpl$drsb)
    _drsb                                    0x08005715   Thumb Code    22  daddsub_clz.o(x$fpl$drsb)
    __aeabi_dsub                             0x0800572d   Thumb Code     0  daddsub_clz.o(x$fpl$dsub)
    _dsub                                    0x0800572d   Thumb Code   472  daddsub_clz.o(x$fpl$dsub)
    __aeabi_f2d                              0x08005909   Thumb Code     0  f2d.o(x$fpl$f2d)
    _f2d                                     0x08005909   Thumb Code    86  f2d.o(x$fpl$f2d)
    __fpl_fnaninf                            0x0800595f   Thumb Code   140  fnaninf.o(x$fpl$fnaninf)
    _fp_init                                 0x080059eb   Thumb Code    26  fpinit.o(x$fpl$fpinit)
    __fplib_config_fpu_vfp                   0x08005a03   Thumb Code     0  fpinit.o(x$fpl$fpinit)
    __fplib_config_pureend_doubles           0x08005a03   Thumb Code     0  fpinit.o(x$fpl$fpinit)
    __fpl_fretinf                            0x08005a05   Thumb Code    10  fretinf.o(x$fpl$fretinf)
    __fpl_return_NaN                         0x08005a0f   Thumb Code   100  retnan.o(x$fpl$retnan)
    __ARM_scalbn                             0x08005a73   Thumb Code    92  scalbn.o(x$fpl$scalbn)
    __fpl_cmpreturn                          0x08005acf   Thumb Code    48  trapv.o(x$fpl$trapveneer)
    __I$use$fp                               0x08005afe   Number         0  usenofp.o(x$fpl$usenofp)
    AHBPrescTable                            0x08005ba0   Data          16  system_stm32f4xx.o(.rodata.AHBPrescTable)
    APBPrescTable                            0x08005bb0   Data           8  system_stm32f4xx.o(.rodata.APBPrescTable)
    Region$$Table$$Base                      0x08005bb8   Number         0  anon$$obj.o(Region$$Table)
    Region$$Table$$Limit                     0x08005bd8   Number         0  anon$$obj.o(Region$$Table)
    uwTickFreq                               0x2000000c   Data           1  stm32f4xx_hal.o(.data..L_MergedGlobals)
    uwTickPrio                               0x20000010   Data           4  stm32f4xx_hal.o(.data..L_MergedGlobals)
    SystemCoreClock                          0x20000014   Data           4  system_stm32f4xx.o(.data.SystemCoreClock)
    __libspace_start                         0x20000018   Data          96  libspace.o(.bss)
    __temporary_stack_top$libspace           0x20000078   Data           0  libspace.o(.bss)
    bmi088                                   0x20000080   Data         108  callback.o(.bss.bmi088)
    hi2c3                                    0x200000ec   Data          84  i2c.o(.bss.hi2c3)
    hspi1                                    0x20000140   Data          88  spi.o(.bss.hspi1)
    htim1                                    0x20000198   Data          72  tim.o(.bss.htim1)
    uwTick                                   0x200001e0   Data           4  stm32f4xx_hal.o(.bss.uwTick)



==============================================================================

Memory Map of the image

  Image Entry point : 0x08000189

  Load Region LR_IROM1 (Base: 0x08000000, Size: 0x00005bf0, Max: 0x00100000, ABSOLUTE)

    Execution Region ER_IROM1 (Exec base: 0x08000000, Load base: 0x08000000, Size: 0x00005bd8, Max: 0x00100000, ABSOLUTE)

    Exec Addr    Load Addr    Size         Type   Attr      Idx    E Section Name        Object

    0x08000000   0x08000000   0x00000188   Data   RO            3    RESET               startup_stm32f407xx.o
    0x08000188   0x08000188   0x00000008   Code   RO         1184  * !!!main             c_w.l(__main.o)
    0x08000190   0x08000190   0x0000005c   Code   RO         1503    !!!scatter          c_w.l(__scatter.o)
    0x080001ec   0x080001ec   0x0000001a   Code   RO         1507    !!handler_copy      c_w.l(__scatter_copy.o)
    0x08000206   0x08000206   0x00000002   PAD
    0x08000208   0x08000208   0x00000002   Code   RO         1504    !!handler_null      c_w.l(__scatter.o)
    0x0800020a   0x0800020a   0x00000002   PAD
    0x0800020c   0x0800020c   0x0000001c   Code   RO         1509    !!handler_zi        c_w.l(__scatter_zi.o)
    0x08000228   0x08000228   0x00000002   Code   RO         1362    .ARM.Collect$$libinit$$00000000  c_w.l(libinit.o)
    0x0800022a   0x0800022a   0x00000004   Code   RO         1373    .ARM.Collect$$libinit$$00000001  c_w.l(libinit2.o)
    0x0800022e   0x0800022e   0x00000000   Code   RO         1376    .ARM.Collect$$libinit$$00000004  c_w.l(libinit2.o)
    0x0800022e   0x0800022e   0x00000000   Code   RO         1378    .ARM.Collect$$libinit$$00000006  c_w.l(libinit2.o)
    0x0800022e   0x0800022e   0x00000000   Code   RO         1381    .ARM.Collect$$libinit$$0000000C  c_w.l(libinit2.o)
    0x0800022e   0x0800022e   0x00000000   Code   RO         1383    .ARM.Collect$$libinit$$0000000E  c_w.l(libinit2.o)
    0x0800022e   0x0800022e   0x00000000   Code   RO         1385    .ARM.Collect$$libinit$$00000010  c_w.l(libinit2.o)
    0x0800022e   0x0800022e   0x00000000   Code   RO         1388    .ARM.Collect$$libinit$$00000013  c_w.l(libinit2.o)
    0x0800022e   0x0800022e   0x00000000   Code   RO         1390    .ARM.Collect$$libinit$$00000015  c_w.l(libinit2.o)
    0x0800022e   0x0800022e   0x00000000   Code   RO         1392    .ARM.Collect$$libinit$$00000017  c_w.l(libinit2.o)
    0x0800022e   0x0800022e   0x00000000   Code   RO         1394    .ARM.Collect$$libinit$$00000019  c_w.l(libinit2.o)
    0x0800022e   0x0800022e   0x00000000   Code   RO         1396    .ARM.Collect$$libinit$$0000001B  c_w.l(libinit2.o)
    0x0800022e   0x0800022e   0x00000000   Code   RO         1398    .ARM.Collect$$libinit$$0000001D  c_w.l(libinit2.o)
    0x0800022e   0x0800022e   0x00000000   Code   RO         1400    .ARM.Collect$$libinit$$0000001F  c_w.l(libinit2.o)
    0x0800022e   0x0800022e   0x00000000   Code   RO         1402    .ARM.Collect$$libinit$$00000021  c_w.l(libinit2.o)
    0x0800022e   0x0800022e   0x00000000   Code   RO         1404    .ARM.Collect$$libinit$$00000023  c_w.l(libinit2.o)
    0x0800022e   0x0800022e   0x00000000   Code   RO         1406    .ARM.Collect$$libinit$$00000025  c_w.l(libinit2.o)
    0x0800022e   0x0800022e   0x00000000   Code   RO         1408    .ARM.Collect$$libinit$$00000027  c_w.l(libinit2.o)
    0x0800022e   0x0800022e   0x00000000   Code   RO         1412    .ARM.Collect$$libinit$$0000002E  c_w.l(libinit2.o)
    0x0800022e   0x0800022e   0x00000000   Code   RO         1414    .ARM.Collect$$libinit$$00000030  c_w.l(libinit2.o)
    0x0800022e   0x0800022e   0x00000000   Code   RO         1416    .ARM.Collect$$libinit$$00000032  c_w.l(libinit2.o)
    0x0800022e   0x0800022e   0x00000000   Code   RO         1418    .ARM.Collect$$libinit$$00000034  c_w.l(libinit2.o)
    0x0800022e   0x0800022e   0x00000002   Code   RO         1419    .ARM.Collect$$libinit$$00000035  c_w.l(libinit2.o)
    0x08000230   0x08000230   0x00000002   Code   RO         1458    .ARM.Collect$$libshutdown$$00000000  c_w.l(libshutdown.o)
    0x08000232   0x08000232   0x00000000   Code   RO         1486    .ARM.Collect$$libshutdown$$00000002  c_w.l(libshutdown2.o)
    0x08000232   0x08000232   0x00000000   Code   RO         1488    .ARM.Collect$$libshutdown$$00000004  c_w.l(libshutdown2.o)
    0x08000232   0x08000232   0x00000000   Code   RO         1491    .ARM.Collect$$libshutdown$$00000007  c_w.l(libshutdown2.o)
    0x08000232   0x08000232   0x00000000   Code   RO         1494    .ARM.Collect$$libshutdown$$0000000A  c_w.l(libshutdown2.o)
    0x08000232   0x08000232   0x00000000   Code   RO         1496    .ARM.Collect$$libshutdown$$0000000C  c_w.l(libshutdown2.o)
    0x08000232   0x08000232   0x00000000   Code   RO         1499    .ARM.Collect$$libshutdown$$0000000F  c_w.l(libshutdown2.o)
    0x08000232   0x08000232   0x00000002   Code   RO         1500    .ARM.Collect$$libshutdown$$00000010  c_w.l(libshutdown2.o)
    0x08000234   0x08000234   0x00000000   Code   RO         1230    .ARM.Collect$$rtentry$$00000000  c_w.l(__rtentry.o)
    0x08000234   0x08000234   0x00000000   Code   RO         1313    .ARM.Collect$$rtentry$$00000002  c_w.l(__rtentry2.o)
    0x08000234   0x08000234   0x00000006   Code   RO         1325    .ARM.Collect$$rtentry$$00000004  c_w.l(__rtentry4.o)
    0x0800023a   0x0800023a   0x00000000   Code   RO         1315    .ARM.Collect$$rtentry$$00000009  c_w.l(__rtentry2.o)
    0x0800023a   0x0800023a   0x00000004   Code   RO         1316    .ARM.Collect$$rtentry$$0000000A  c_w.l(__rtentry2.o)
    0x0800023e   0x0800023e   0x00000000   Code   RO         1318    .ARM.Collect$$rtentry$$0000000C  c_w.l(__rtentry2.o)
    0x0800023e   0x0800023e   0x00000008   Code   RO         1319    .ARM.Collect$$rtentry$$0000000D  c_w.l(__rtentry2.o)
    0x08000246   0x08000246   0x00000002   Code   RO         1365    .ARM.Collect$$rtexit$$00000000  c_w.l(rtexit.o)
    0x08000248   0x08000248   0x00000000   Code   RO         1427    .ARM.Collect$$rtexit$$00000002  c_w.l(rtexit2.o)
    0x08000248   0x08000248   0x00000004   Code   RO         1428    .ARM.Collect$$rtexit$$00000003  c_w.l(rtexit2.o)
    0x0800024c   0x0800024c   0x00000006   Code   RO         1429    .ARM.Collect$$rtexit$$00000004  c_w.l(rtexit2.o)
    0x08000252   0x08000252   0x00000002   PAD
    0x08000254   0x08000254   0x00000040   Code   RO            4    .text               startup_stm32f407xx.o
    0x08000294   0x08000294   0x000000f0   Code   RO         1178    .text               c_w.l(lludivv7m.o)
    0x08000384   0x08000384   0x0000004e   Code   RO         1180    .text               c_w.l(rt_memclr_w.o)
    0x080003d2   0x080003d2   0x00000006   Code   RO         1182    .text               c_w.l(heapauxi.o)
    0x080003d8   0x080003d8   0x00000016   Code   RO         1235    .text               c_w.l(_rserrno.o)
    0x080003ee   0x080003ee   0x00000002   PAD
    0x080003f0   0x080003f0   0x00000008   Code   RO         1332    .text               c_w.l(rt_errno_addr_intlibspace.o)
    0x080003f8   0x080003f8   0x00000008   Code   RO         1346    .text               c_w.l(libspace.o)
    0x08000400   0x08000400   0x0000004a   Code   RO         1349    .text               c_w.l(sys_stackheap_outer.o)
    0x0800044a   0x0800044a   0x00000012   Code   RO         1351    .text               c_w.l(exit.o)
    0x0800045c   0x0800045c   0x0000000c   Code   RO         1422    .text               c_w.l(sys_exit.o)
    0x08000468   0x08000468   0x00000002   Code   RO         1447    .text               c_w.l(use_no_semi.o)
    0x0800046a   0x0800046a   0x00000000   Code   RO         1449    .text               c_w.l(indicate_semi.o)
    0x0800046a   0x0800046a   0x00000002   PAD
    0x0800046c   0x0800046c   0x00000002   Code   RO          156    .text.BusFault_Handler  stm32f4xx_it.o
    0x0800046e   0x0800046e   0x00000002   PAD
    0x08000470   0x08000470   0x00000002   Code   RO          162    .text.DebugMon_Handler  stm32f4xx_it.o
    0x08000472   0x08000472   0x00000002   PAD
    0x08000474   0x08000474   0x00000006   Code   RO           86    .text.Error_Handler  main.o
    0x0800047a   0x0800047a   0x00000002   PAD
    0x0800047c   0x0800047c   0x00000028   Code   RO          659    .text.HAL_Delay     stm32f4xx_hal.o
    0x080004a4   0x080004a4   0x0000019e   Code   RO          454    .text.HAL_GPIO_Init  stm32f4xx_hal_gpio.o
    0x08000642   0x08000642   0x00000002   PAD
    0x08000644   0x08000644   0x0000000a   Code   RO          460    .text.HAL_GPIO_WritePin  stm32f4xx_hal_gpio.o
    0x0800064e   0x0800064e   0x00000002   PAD
    0x08000650   0x08000650   0x0000000c   Code   RO          651    .text.HAL_GetTick   stm32f4xx_hal.o
    0x0800065c   0x0800065c   0x00000164   Code   RO          205    .text.HAL_I2C_Init  stm32f4xx_hal_i2c.o
    0x080007c0   0x080007c0   0x00000258   Code   RO          253    .text.HAL_I2C_Mem_Read  stm32f4xx_hal_i2c.o
    0x08000a18   0x08000a18   0x0000015c   Code   RO          249    .text.HAL_I2C_Mem_Write  stm32f4xx_hal_i2c.o
    0x08000b74   0x08000b74   0x000000b4   Code   RO          107    .text.HAL_I2C_MspInit  i2c.o
    0x08000c28   0x08000c28   0x0000001a   Code   RO          649    .text.HAL_IncTick   stm32f4xx_hal.o
    0x08000c42   0x08000c42   0x00000002   PAD
    0x08000c44   0x08000c44   0x00000036   Code   RO          639    .text.HAL_Init      stm32f4xx_hal.o
    0x08000c7a   0x08000c7a   0x00000002   PAD
    0x08000c7c   0x08000c7c   0x00000048   Code   RO          641    .text.HAL_InitTick  stm32f4xx_hal.o
    0x08000cc4   0x08000cc4   0x00000038   Code   RO          177    .text.HAL_MspInit   stm32f4xx_hal_msp.o
    0x08000cfc   0x08000cfc   0x00000022   Code   RO          591    .text.HAL_NVIC_EnableIRQ  stm32f4xx_hal_cortex.o
    0x08000d1e   0x08000d1e   0x00000002   PAD
    0x08000d20   0x08000d20   0x00000056   Code   RO          589    .text.HAL_NVIC_SetPriority  stm32f4xx_hal_cortex.o
    0x08000d76   0x08000d76   0x00000002   PAD
    0x08000d78   0x08000d78   0x00000020   Code   RO          587    .text.HAL_NVIC_SetPriorityGrouping  stm32f4xx_hal_cortex.o
    0x08000d98   0x08000d98   0x00000164   Code   RO          348    .text.HAL_RCC_ClockConfig  stm32f4xx_hal_rcc.o
    0x08000efc   0x08000efc   0x00000026   Code   RO          360    .text.HAL_RCC_GetPCLK1Freq  stm32f4xx_hal_rcc.o
    0x08000f22   0x08000f22   0x00000002   PAD
    0x08000f24   0x08000f24   0x0000006e   Code   RO          350    .text.HAL_RCC_GetSysClockFreq  stm32f4xx_hal_rcc.o
    0x08000f92   0x08000f92   0x00000002   PAD
    0x08000f94   0x08000f94   0x000003ac   Code   RO          346    .text.HAL_RCC_OscConfig  stm32f4xx_hal_rcc.o
    0x08001340   0x08001340   0x00000006   Code   RO          823    .text.HAL_SPI_GetState  stm32f4xx_hal_spi.o
    0x08001346   0x08001346   0x00000002   PAD
    0x08001348   0x08001348   0x000000b0   Code   RO          729    .text.HAL_SPI_Init  stm32f4xx_hal_spi.o
    0x080013f8   0x080013f8   0x000000ac   Code   RO          122    .text.HAL_SPI_MspInit  spi.o
    0x080014a4   0x080014a4   0x00000200   Code   RO          739    .text.HAL_SPI_Receive  stm32f4xx_hal_spi.o
    0x080016a4   0x080016a4   0x00000274   Code   RO          737    .text.HAL_SPI_Transmit  stm32f4xx_hal_spi.o
    0x08001918   0x08001918   0x00000340   Code   RO          741    .text.HAL_SPI_TransmitReceive  stm32f4xx_hal_spi.o
    0x08001c58   0x08001c58   0x0000002c   Code   RO          599    .text.HAL_SYSTICK_Config  stm32f4xx_hal_cortex.o
    0x08001c84   0x08001c84   0x00000002   Code   RO         1148    .text.HAL_TIMEx_BreakCallback  stm32f4xx_hal_tim_ex.o
    0x08001c86   0x08001c86   0x00000002   PAD
    0x08001c88   0x08001c88   0x00000002   Code   RO         1144    .text.HAL_TIMEx_CommutCallback  stm32f4xx_hal_tim_ex.o
    0x08001c8a   0x08001c8a   0x00000002   PAD
    0x08001c8c   0x08001c8c   0x000000ba   Code   RO         1138    .text.HAL_TIMEx_MasterConfigSynchronization  stm32f4xx_hal_tim_ex.o
    0x08001d46   0x08001d46   0x00000002   PAD
    0x08001d48   0x08001d48   0x0000005a   Code   RO          843    .text.HAL_TIM_Base_Init  stm32f4xx_hal_tim.o
    0x08001da2   0x08001da2   0x00000002   PAD
    0x08001da4   0x08001da4   0x00000046   Code   RO          137    .text.HAL_TIM_Base_MspInit  tim.o
    0x08001dea   0x08001dea   0x00000002   PAD
    0x08001dec   0x08001dec   0x000000aa   Code   RO          857    .text.HAL_TIM_Base_Start_IT  stm32f4xx_hal_tim.o
    0x08001e96   0x08001e96   0x00000002   PAD
    0x08001e98   0x08001e98   0x000001a0   Code   RO         1023    .text.HAL_TIM_ConfigClockSource  stm32f4xx_hal_tim.o
    0x08002038   0x08002038   0x00000002   Code   RO          979    .text.HAL_TIM_IC_CaptureCallback  stm32f4xx_hal_tim.o
    0x0800203a   0x0800203a   0x00000002   PAD
    0x0800203c   0x0800203c   0x0000014e   Code   RO          977    .text.HAL_TIM_IRQHandler  stm32f4xx_hal_tim.o
    0x0800218a   0x0800218a   0x00000002   PAD
    0x0800218c   0x0800218c   0x00000002   Code   RO          981    .text.HAL_TIM_OC_DelayElapsedCallback  stm32f4xx_hal_tim.o
    0x0800218e   0x0800218e   0x00000002   PAD
    0x08002190   0x08002190   0x00000002   Code   RO          983    .text.HAL_TIM_PWM_PulseFinishedCallback  stm32f4xx_hal_tim.o
    0x08002192   0x08002192   0x00000002   PAD
    0x08002194   0x08002194   0x00000024   Code   RO           11    .text.HAL_TIM_PeriodElapsedCallback  callback.o
    0x080021b8   0x080021b8   0x00000002   Code   RO          987    .text.HAL_TIM_TriggerCallback  stm32f4xx_hal_tim.o
    0x080021ba   0x080021ba   0x00000002   PAD
    0x080021bc   0x080021bc   0x00000002   Code   RO          152    .text.HardFault_Handler  stm32f4xx_it.o
    0x080021be   0x080021be   0x00000002   PAD
    0x080021c0   0x080021c0   0x00000112   Code   RO          255    .text.I2C_RequestMemoryRead  stm32f4xx_hal_i2c.o
    0x080022d2   0x080022d2   0x00000002   PAD
    0x080022d4   0x080022d4   0x000000c8   Code   RO          251    .text.I2C_RequestMemoryWrite  stm32f4xx_hal_i2c.o
    0x0800239c   0x0800239c   0x000000ba   Code   RO          219    .text.I2C_WaitOnBTFFlagUntilTimeout  stm32f4xx_hal_i2c.o
    0x08002456   0x08002456   0x00000002   PAD
    0x08002458   0x08002458   0x000001ca   Code   RO          215    .text.I2C_WaitOnFlagUntilTimeout  stm32f4xx_hal_i2c.o
    0x08002622   0x08002622   0x00000002   PAD
    0x08002624   0x08002624   0x000000d6   Code   RO          333    .text.I2C_WaitOnMasterAddressFlagUntilTimeout  stm32f4xx_hal_i2c.o
    0x080026fa   0x080026fa   0x00000002   PAD
    0x080026fc   0x080026fc   0x00000090   Code   RO          223    .text.I2C_WaitOnRXNEFlagUntilTimeout  stm32f4xx_hal_i2c.o
    0x0800278c   0x0800278c   0x000000ba   Code   RO          217    .text.I2C_WaitOnTXEFlagUntilTimeout  stm32f4xx_hal_i2c.o
    0x08002846   0x08002846   0x00000002   PAD
    0x08002848   0x08002848   0x0000007c   Code   RO          195    .text.IST8310ReadMagData  ist8310.o
    0x080028c4   0x080028c4   0x0000008e   Code   RO          185    .text.IST8310_init  ist8310.o
    0x08002952   0x08002952   0x00000002   PAD
    0x08002954   0x08002954   0x000000f2   Code   RO           96    .text.MX_GPIO_Init  gpio.o
    0x08002a46   0x08002a46   0x00000002   PAD
    0x08002a48   0x08002a48   0x00000042   Code   RO          105    .text.MX_I2C3_Init  i2c.o
    0x08002a8a   0x08002a8a   0x00000002   PAD
    0x08002a8c   0x08002a8c   0x00000052   Code   RO          120    .text.MX_SPI1_Init  spi.o
    0x08002ade   0x08002ade   0x00000002   PAD
    0x08002ae0   0x08002ae0   0x0000007a   Code   RO          135    .text.MX_TIM1_Init  tim.o
    0x08002b5a   0x08002b5a   0x00000002   PAD
    0x08002b5c   0x08002b5c   0x00000002   Code   RO          154    .text.MemManage_Handler  stm32f4xx_it.o
    0x08002b5e   0x08002b5e   0x00000002   PAD
    0x08002b60   0x08002b60   0x00000002   Code   RO          150    .text.NMI_Handler   stm32f4xx_it.o
    0x08002b62   0x08002b62   0x00000002   PAD
    0x08002b64   0x08002b64   0x00000002   Code   RO          164    .text.PendSV_Handler  stm32f4xx_it.o
    0x08002b66   0x08002b66   0x00000002   PAD
    0x08002b68   0x08002b68   0x00000124   Code   RO          833    .text.SPI_WaitFlagStateUntilTimeout  stm32f4xx_hal_spi.o
    0x08002c8c   0x08002c8c   0x00000002   Code   RO          160    .text.SVC_Handler   stm32f4xx_it.o
    0x08002c8e   0x08002c8e   0x00000002   PAD
    0x08002c90   0x08002c90   0x00000004   Code   RO          166    .text.SysTick_Handler  stm32f4xx_it.o
    0x08002c94   0x08002c94   0x000000ac   Code   RO           84    .text.SystemClock_Config  main.o
    0x08002d40   0x08002d40   0x00000012   Code   RO         1162    .text.SystemInit    system_stm32f4xx.o
    0x08002d52   0x08002d52   0x00000002   PAD
    0x08002d54   0x08002d54   0x0000000c   Code   RO          168    .text.TIM1_UP_TIM10_IRQHandler  stm32f4xx_it.o
    0x08002d60   0x08002d60   0x0000013a   Code   RO          847    .text.TIM_Base_SetConfig  stm32f4xx_hal_tim.o
    0x08002e9a   0x08002e9a   0x00000002   PAD
    0x08002e9c   0x08002e9c   0x00000002   Code   RO          158    .text.UsageFault_Handler  stm32f4xx_it.o
    0x08002e9e   0x08002e9e   0x00000002   PAD
    0x08002ea0   0x08002ea0   0x00000144   Code   RO           31    .text._ZN3IMU16kalman_calculateEv  imu.o
    0x08002fe4   0x08002fe4   0x00000264   Code   RO           21    .text._ZN3IMU6updateEf  imu.o
    0x08003248   0x08003248   0x00000628   Code   RO           23    .text._ZN3IMU8imu_initEv  imu.o
    0x08003870   0x08003870   0x0000017c   Code   RO           69    .text.bmi088_accel_read_data  bmi088.o
    0x080039ec   0x080039ec   0x000000a4   Code   RO           61    .text.bmi088_accel_read_reg  bmi088.o
    0x08003a90   0x08003a90   0x00000084   Code   RO           59    .text.bmi088_accel_write_single_reg  bmi088.o
    0x08003b14   0x08003b14   0x00000004   PAD
    0x08003b18   0x08003b18   0x000000d4   Code   RO           67    .text.bmi088_gyro_read_data  bmi088.o
    0x08003bec   0x08003bec   0x00000080   Code   RO           65    .text.bmi088_gyro_read_reg  bmi088.o
    0x08003c6c   0x08003c6c   0x00000088   Code   RO           63    .text.bmi088_gyro_write_single_reg  bmi088.o
    0x08003cf4   0x08003cf4   0x0000006e   Code   RO           71    .text.bmi088_init   bmi088.o
    0x08003d62   0x08003d62   0x00000002   PAD
    0x08003d64   0x08003d64   0x0000002e   Code   RO           82    .text.main          main.o
    0x08003d92   0x08003d92   0x00000030   Code   RO         1277    i.__ARM_fpclassify  m_wm.l(fpclassify.o)
    0x08003dc2   0x08003dc2   0x00000026   Code   RO         1279    i.__ARM_fpclassifyf  m_wm.l(fpclassifyf.o)
    0x08003de8   0x08003de8   0x000002ac   Code   RO         1202    i.__hardfp_atan2f   m_wm.l(atan2f.o)
    0x08004094   0x08004094   0x00000150   Code   RO         1208    i.__hardfp_cosf     m_wm.l(cosf.o)
    0x080041e4   0x080041e4   0x00000004   PAD
    0x080041e8   0x080041e8   0x00000358   Code   RO         1270    i.__hardfp_exp      m_wm.l(exp.o)
    0x08004540   0x08004540   0x00000188   Code   RO         1214    i.__hardfp_exp2     m_wm.l(exp2.o)
    0x080046c8   0x080046c8   0x000000d0   Code   RO         1295    i.__hardfp_ldexp    m_wm.l(ldexp.o)
    0x08004798   0x08004798   0x000000d0   Code   RO         1303    i.__hardfp_modf     m_wm.l(modf.o)
    0x08004868   0x08004868   0x00000190   Code   RO         1218    i.__hardfp_sinf     m_wm.l(sinf.o)
    0x080049f8   0x080049f8   0x0000017c   Code   RO         1224    i.__hardfp_tanf     m_wm.l(tanf.o)
    0x08004b74   0x08004b74   0x000000f8   Code   RO         1344    i.__kernel_poly     m_wm.l(poly.o)
    0x08004c6c   0x08004c6c   0x00000014   Code   RO         1257    i.__mathlib_dbl_infnan  m_wm.l(dunder.o)
    0x08004c80   0x08004c80   0x00000020   Code   RO         1260    i.__mathlib_dbl_overflow  m_wm.l(dunder.o)
    0x08004ca0   0x08004ca0   0x00000020   Code   RO         1262    i.__mathlib_dbl_underflow  m_wm.l(dunder.o)
    0x08004cc0   0x08004cc0   0x00000006   Code   RO         1282    i.__mathlib_flt_infnan  m_wm.l(funder.o)
    0x08004cc6   0x08004cc6   0x00000006   Code   RO         1283    i.__mathlib_flt_infnan2  m_wm.l(funder.o)
    0x08004ccc   0x08004ccc   0x00000010   Code   RO         1284    i.__mathlib_flt_invalid  m_wm.l(funder.o)
    0x08004cdc   0x08004cdc   0x00000010   Code   RO         1287    i.__mathlib_flt_underflow  m_wm.l(funder.o)
    0x08004cec   0x08004cec   0x00000154   Code   RO         1309    i.__mathlib_rredf2  m_wm.l(rredf.o)
    0x08004e40   0x08004e40   0x00000010   Code   RO         1272    i.exp               m_wm.l(exp.o)
    0x08004e50   0x08004e50   0x00000012   Code   RO         1298    i.ldexp             m_wm.l(ldexp.o)
    0x08004e62   0x08004e62   0x00000012   Code   RO         1305    i.modf              m_wm.l(modf.o)
    0x08004e74   0x08004e74   0x00000062   Code   RO         1186    x$fpl$d2f           fz_wm.l(d2f.o)
    0x08004ed6   0x08004ed6   0x00000002   PAD
    0x08004ed8   0x08004ed8   0x00000150   Code   RO         1334    x$fpl$dadd          fz_wm.l(daddsub_clz.o)
    0x08005028   0x08005028   0x00000010   Code   RO         1363    x$fpl$dcheck1       fz_wm.l(dcheck1.o)
    0x08005038   0x08005038   0x00000018   Code   RO         1340    x$fpl$dcmpinf       fz_wm.l(dcmpi.o)
    0x08005050   0x08005050   0x000002b8   Code   RO         1189    x$fpl$ddiv          fz_wm.l(ddiv.o)
    0x08005308   0x08005308   0x00000078   Code   RO         1237    x$fpl$deqf          fz_wm.l(deqf.o)
    0x08005380   0x08005380   0x0000005e   Code   RO         1239    x$fpl$dfix          fz_wm.l(dfix.o)
    0x080053de   0x080053de   0x0000002e   Code   RO         1193    x$fpl$dflt          fz_wm.l(dflt_clz.o)
    0x0800540c   0x0800540c   0x00000026   Code   RO         1192    x$fpl$dfltu         fz_wm.l(dflt_clz.o)
    0x08005432   0x08005432   0x00000002   PAD
    0x08005434   0x08005434   0x00000078   Code   RO         1243    x$fpl$dleqf         fz_wm.l(dleqf.o)
    0x080054ac   0x080054ac   0x00000154   Code   RO         1198    x$fpl$dmul          fz_wm.l(dmul.o)
    0x08005600   0x08005600   0x0000009c   Code   RO         1245    x$fpl$dnaninf       fz_wm.l(dnaninf.o)
    0x0800569c   0x0800569c   0x0000000c   Code   RO         1247    x$fpl$dretinf       fz_wm.l(dretinf.o)
    0x080056a8   0x080056a8   0x0000006c   Code   RO         1249    x$fpl$drleqf        fz_wm.l(drleqf.o)
    0x08005714   0x08005714   0x00000016   Code   RO         1335    x$fpl$drsb          fz_wm.l(daddsub_clz.o)
    0x0800572a   0x0800572a   0x00000002   PAD
    0x0800572c   0x0800572c   0x000001dc   Code   RO         1336    x$fpl$dsub          fz_wm.l(daddsub_clz.o)
    0x08005908   0x08005908   0x00000056   Code   RO         1200    x$fpl$f2d           fz_wm.l(f2d.o)
    0x0800595e   0x0800595e   0x0000008c   Code   RO         1251    x$fpl$fnaninf       fz_wm.l(fnaninf.o)
    0x080059ea   0x080059ea   0x0000001a   Code   RO         1439    x$fpl$fpinit        fz_wm.l(fpinit.o)
    0x08005a04   0x08005a04   0x0000000a   Code   RO         1253    x$fpl$fretinf       fz_wm.l(fretinf.o)
    0x08005a0e   0x08005a0e   0x00000064   Code   RO         1420    x$fpl$retnan        fz_wm.l(retnan.o)
    0x08005a72   0x08005a72   0x0000005c   Code   RO         1342    x$fpl$scalbn        fz_wm.l(scalbn.o)
    0x08005ace   0x08005ace   0x00000030   Code   RO         1441    x$fpl$trapveneer    fz_wm.l(trapv.o)
    0x08005afe   0x08005afe   0x00000000   Code   RO         1255    x$fpl$usenofp       fz_wm.l(usenofp.o)
    0x08005afe   0x08005afe   0x00000002   PAD
    0x08005b00   0x08005b00   0x00000058   Data   RO         1273    .constdata          m_wm.l(exp.o)
    0x08005b58   0x08005b58   0x00000020   Data   RO         1310    .constdata          m_wm.l(rredf.o)
    0x08005b78   0x08005b78   0x00000028   Data   RO           73    .rodata..Lswitch.table.bmi088_gyro_read_data  bmi088.o
    0x08005ba0   0x08005ba0   0x00000010   Data   RO         1167    .rodata.AHBPrescTable  system_stm32f4xx.o
    0x08005bb0   0x08005bb0   0x00000008   Data   RO         1168    .rodata.APBPrescTable  system_stm32f4xx.o
    0x08005bb8   0x08005bb8   0x00000020   Data   RO         1502    Region$$Table       anon$$obj.o


    Execution Region RW_IRAM1 (Exec base: 0x20000000, Load base: 0x08005bd8, Size: 0x000007e8, Max: 0x0001c000, ABSOLUTE)

    Exec Addr    Load Addr    Size         Type   Attr      Idx    E Section Name        Object

    0x20000000   0x08005bd8   0x0000000c   Data   RW           37    .data..L_MergedGlobals  imu.o
    0x2000000c   0x08005be4   0x00000008   Data   RW          694    .data..L_MergedGlobals  stm32f4xx_hal.o
    0x20000014   0x08005bec   0x00000004   Data   RW         1166    .data.SystemCoreClock  system_stm32f4xx.o
    0x20000018        -       0x00000060   Zero   RW         1347    .bss                c_w.l(libspace.o)
    0x20000078        -       0x00000008   Zero   RW           38    .bss..L_MergedGlobals.1  imu.o
    0x20000080        -       0x0000006c   Zero   RW           13    .bss.bmi088         callback.o
    0x200000ec        -       0x00000054   Zero   RW          111    .bss.hi2c3          i2c.o
    0x20000140        -       0x00000058   Zero   RW          126    .bss.hspi1          spi.o
    0x20000198        -       0x00000048   Zero   RW          141    .bss.htim1          tim.o
    0x200001e0        -       0x00000004   Zero   RW          693    .bss.uwTick         stm32f4xx_hal.o
    0x200001e4   0x08005bf0   0x00000004   PAD
    0x200001e8        -       0x00000200   Zero   RW            2    HEAP                startup_stm32f407xx.o
    0x200003e8        -       0x00000400   Zero   RW            1    STACK               startup_stm32f407xx.o


    Execution Region RW_IRAM2 (Exec base: 0x2001c000, Load base: 0x08005bf0, Size: 0x00000000, Max: 0x00004000, ABSOLUTE)

    **** No section assigned to this execution region ****


==============================================================================

Image component sizes


      Code (inc. data)   RO Data    RW Data    ZI Data      Debug   Object Name

      1262         56         40          0          0      19380   bmi088.o
        36          4          0          0        108       4909   callback.o
       242          0          0          0          0       2212   gpio.o
       246          0          0          0         84       5280   i2c.o
      2512         24          0         12          8      23349   imu.o
       266          4          0          0          0       3794   ist8310.o
       224          0          0          0          0       3720   main.o
       254          0          0          0         88       5141   spi.o
        64         26        392          0       1536        820   startup_stm32f407xx.o
       204          0          0          8          4       7292   stm32f4xx_hal.o
       196          0          0          0          0      10710   stm32f4xx_hal_cortex.o
       424          0          0          0          0       5420   stm32f4xx_hal_gpio.o
      2966          0          0          0          0      44581   stm32f4xx_hal_i2c.o
        56          0          0          0          0       1439   stm32f4xx_hal_msp.o
      1444          4          0          0          0       7562   stm32f4xx_hal_rcc.o
      2446          0          0          0          0      26215   stm32f4xx_hal_spi.o
      1332          0          0          0          0      58471   stm32f4xx_hal_tim.o
       190          0          0          0          0      21918   stm32f4xx_hal_tim_ex.o
        32          0          0          0          0       4451   stm32f4xx_it.o
        18          0         24          4          0       2581   system_stm32f4xx.o
       192          0          0          0         72       7328   tim.o

    ----------------------------------------------------------------------
     14694        118        488         24       1904     266573   Object Totals
         0          0         32          0          0          0   (incl. Generated)
        88          0          0          0          4          0   (incl. Padding)

    ----------------------------------------------------------------------

      Code (inc. data)   RO Data    RW Data    ZI Data      Debug   Library Member Name

         8          0          0          0          0         68   __main.o
         0          0          0          0          0          0   __rtentry.o
        12          0          0          0          0          0   __rtentry2.o
         6          0          0          0          0          0   __rtentry4.o
        94          8          0          0          0          0   __scatter.o
        26          0          0          0          0          0   __scatter_copy.o
        28          0          0          0          0          0   __scatter_zi.o
        22          0          0          0          0        100   _rserrno.o
        18          0          0          0          0         80   exit.o
         6          0          0          0          0        152   heapauxi.o
         0          0          0          0          0          0   indicate_semi.o
         2          0          0          0          0          0   libinit.o
         6          0          0          0          0          0   libinit2.o
         2          0          0          0          0          0   libshutdown.o
         2          0          0          0          0          0   libshutdown2.o
         8          4          0          0         96         68   libspace.o
       240          0          0          0          0        100   lludivv7m.o
         8          4          0          0          0         68   rt_errno_addr_intlibspace.o
        78          0          0          0          0         80   rt_memclr_w.o
         2          0          0          0          0          0   rtexit.o
        10          0          0          0          0          0   rtexit2.o
        12          4          0          0          0         68   sys_exit.o
        74          0          0          0          0         80   sys_stackheap_outer.o
         2          0          0          0          0         68   use_no_semi.o
        98          4          0          0          0        140   d2f.o
       834         16          0          0          0        516   daddsub_clz.o
        16          4          0          0          0        116   dcheck1.o
        24          0          0          0          0        116   dcmpi.o
       696        140          0          0          0        264   ddiv.o
       120          4          0          0          0        140   deqf.o
        94          4          0          0          0        140   dfix.o
        84          0          0          0          0        232   dflt_clz.o
       120          4          0          0          0        140   dleqf.o
       340         12          0          0          0        152   dmul.o
       156          4          0          0          0        140   dnaninf.o
        12          0          0          0          0        116   dretinf.o
       108          0          0          0          0        128   drleqf.o
        86          4          0          0          0        132   f2d.o
       140          4          0          0          0        132   fnaninf.o
        26          0          0          0          0        116   fpinit.o
        10          0          0          0          0        116   fretinf.o
       100          0          0          0          0        116   retnan.o
        92          0          0          0          0        116   scalbn.o
        48          0          0          0          0        116   trapv.o
         0          0          0          0          0          0   usenofp.o
       684         90          0          0          0        208   atan2f.o
       336         56          0          0          0        136   cosf.o
        84         16          0          0          0        372   dunder.o
       872        142         88          0          0        412   exp.o
       392         60          0          0          0        180   exp2.o
        48          0          0          0          0        124   fpclassify.o
        38          0          0          0          0        116   fpclassifyf.o
        44         12          0          0          0        464   funder.o
       226          8          0          0          0        308   ldexp.o
       226          6          0          0          0        276   modf.o
       248          0          0          0          0        152   poly.o
       340         24         32          0          0        160   rredf.o
       400         56          0          0          0        212   sinf.o
       380         58          0          0          0        200   tanf.o

    ----------------------------------------------------------------------
      8210        752        120          0         96       7436   Library Totals
        22          4          0          0          0          0   (incl. Padding)

    ----------------------------------------------------------------------

      Code (inc. data)   RO Data    RW Data    ZI Data      Debug   Library Name

       666         20          0          0         96        932   c_w.l
      3204        200          0          0          0       3184   fz_wm.l
      4318        528        120          0          0       3320   m_wm.l

    ----------------------------------------------------------------------
      8210        752        120          0         96       7436   Library Totals

    ----------------------------------------------------------------------

==============================================================================


      Code (inc. data)   RO Data    RW Data    ZI Data      Debug   

     22904        870        608         24       2000     269033   Grand Totals
     22904        870        608         24       2000     269033   ELF Image Totals
     22904        870        608         24          0          0   ROM Totals

==============================================================================

    Total RO  Size (Code + RO Data)                23512 (  22.96kB)
    Total RW  Size (RW Data + ZI Data)              2024 (   1.98kB)
    Total ROM Size (Code + RO Data + RW Data)      23536 (  22.98kB)

==============================================================================

